<html>
<body>
<pre>
<h1>礦ision Build Log</h1>
<h2>Tool Versions:</h2>
IDE-Version: μVision V5.36.0.0
Copyright (C) 2021 ARM Ltd and ARM Germany GmbH. All rights reserved.
License Information: xu danzhe, Altiunm, LIC=X96CK-ZWBY4-QDKKD-8U04C-NS049-A0YGG
 
Tool Versions:
Toolchain:       MDK-ARM Plus  Version: 5.36.0.0
Toolchain Path:  C:\Keil_v5\ARM\ARMCC\Bin
C Compiler:      Armcc.exe V5.06 update 7 (build 960)
Assembler:       Armasm.exe V5.06 update 7 (build 960)
Linker/Locator:  ArmLink.exe V5.06 update 7 (build 960)
Library Manager: ArmAr.exe V5.06 update 7 (build 960)
Hex Converter:   FromElf.exe V5.06 update 7 (build 960)
CPU DLL:         SARMCM3.DLL V5.36.0.0
Dialog DLL:      DCM.DLL V1.17.3.0
Target DLL:      Segger\JL2CM3.dll V2.99.40.0
Dialog DLL:      TCM.DLL V1.53.0.0
 
<h2>Project:</h2>
d:\project\SCARA机器人资料-段路雄\SCARA机器人资料-段路雄\改CST码垛-CSP-G7.16.13-20230426-1446\CNCRobotControlM\USER\JHRobotControl_407VE.uvprojx
Project File Date:  05/26/2023

<h2>Output:</h2>
*** Using Compiler 'V5.06 update 7 (build 960)', folder: 'C:\Keil_v5\ARM\ARMCC\Bin'
Build target 'JHRobotControl_407VE'
compiling main.c...
..\MOTION_CONTROL\DragTeach.h(22): warning:  #1295-D: Deprecated declaration TorqueProcess - give arg types
  void TorqueProcess();
..\MOTION_CONTROL\DragTeach.h(23): warning:  #1295-D: Deprecated declaration TorqueProcess_T - give arg types
  void TorqueProcess_T();
..\MOTION_CONTROL\DragTeach.h(30): warning:  #1-D: last line of file ends without a newline
  #endif
main.c: 3 warnings, 0 errors
linking...
Program Size: Code=142012 RO-data=1124 RW-data=1512 ZI-data=85640  
FromELF: creating hex file...
"..\OBJ\JHRobotControl_407VE.axf" - 0 Error(s), 3 Warning(s).

<h2>Software Packages used:</h2>

Package Vendor: Keil
                http://www.keil.com/pack/Keil.STM32F4xx_DFP.2.15.0.pack
                Keil.STM32F4xx_DFP.2.15.0
                STMicroelectronics STM32F4 Series Device Support, Drivers and Examples

<h2>Collection of Component include folders:</h2>
  C:\Users\xdz\AppData\Local\Arm\Packs\Keil\STM32F4xx_DFP\2.15.0\Drivers\CMSIS\Device\ST\STM32F4xx\Include

<h2>Collection of Component Files used:</h2>
Build Time Elapsed:  00:00:05
</pre>
</body>
</html>
