Component: ARM Compiler 5.06 update 7 (build 960) Tool: armlink [4d3601]

==============================================================================

Section Cross References

    main.o(i.main) refers to misc.o(i.NVIC_PriorityGroupConfig) for NVIC_PriorityGroupConfig
    main.o(i.main) refers to bsp_systick.o(i.SysTick_Init) for SysTick_Init
    main.o(i.main) refers to ethercat_app.o(i.TIM3_Config) for TIM3_Config
    main.o(i.main) refers to in.o(i.InputInit) for InputInit
    main.o(i.main) refers to out.o(i.OutputInit) for OutputInit
    main.o(i.main) refers to delay.o(i.TimeInit) for TimeInit
    main.o(i.main) refers to usart.o(i.UsartInit) for UsartInit
    main.o(i.main) refers to motorinit.o(i.PVD_Init) for PVD_Init
    main.o(i.main) refers to w25qxx.o(i.W25QXX_Init) for W25QXX_Init
    main.o(i.main) refers to w25qxx.o(i.W25QXX_Check) for W25QXX_Check
    main.o(i.main) refers to delay.o(i.delay_ms) for delay_ms
    main.o(i.main) refers to stmflash.o(i.STMFLASH_OnPowerDataDeal) for STMFLASH_OnPowerDataDeal
    main.o(i.main) refers to parameter.o(i.ReadIICSysParameter) for ReadIICSysParameter
    main.o(i.main) refers to lan8742a.o(i.ETH_BSP_Config) for ETH_BSP_Config
    main.o(i.main) refers to netconf.o(i.ethernetif_init) for ethernetif_init
    main.o(i.main) refers to bsp_systick.o(i.osal_usleep) for osal_usleep
    main.o(i.main) refers to ethercat_app.o(i.EtherCATInit) for EtherCATInit
    main.o(i.main) refers to canopen.o(i.CST_Mode_Init) for CST_Mode_Init
    main.o(i.main) refers to statuscontrol.o(i.Robot_Reset) for Robot_Reset
    main.o(i.main) refers to stm32f4xx_gpio.o(i.GPIO_ResetBits) for GPIO_ResetBits
    main.o(i.main) refers to extendcom.o(i.ExtendRecDataDeal) for ExtendRecDataDeal
    main.o(i.main) refers to jdz.o(i.JDZ_OrderDecoding) for JDZ_OrderDecoding
    main.o(i.main) refers to backtoorigin.o(i.BackToOrigin) for BackToOrigin
    main.o(i.main) refers to error.o(i.ErrorOperate) for ErrorOperate
    main.o(i.main) refers to signalwatch.o(i.WatchFunction) for WatchFunction
    main.o(i.main) refers to statuscontrol.o(i.StatusControl) for StatusControl
    main.o(i.main) refers to statuscontrol.o(i.ActionControl) for ActionControl
    main.o(i.main) refers to speedcontrol.o(i.OneAxisSpeedInterpControl) for OneAxisSpeedInterpControl
    main.o(i.main) refers to speedcontrol.o(i.SpeedInterpControl) for SpeedInterpControl
    main.o(i.main) refers to parameter.o(i.AxisInterpParSave) for AxisInterpParSave
    main.o(i.main) refers to dragteach.o(i.TorqueProcess_T) for TorqueProcess_T
    main.o(i.main) refers to canopen.o(.data) for Servo_InitFinish
    main.o(i.main) refers to statuscontrol.o(.data) for Communication_Time
    main.o(i.main) refers to parameter.o(.bss) for Internet_Parameter
    stm32f4xx_it.o(i.SysTick_Handler) refers to bsp_systick.o(i.TimingDelay_Decrement) for TimingDelay_Decrement
    system_stm32f4xx.o(i.SystemCoreClockUpdate) refers to system_stm32f4xx.o(.data) for SystemCoreClock
    system_stm32f4xx.o(i.SystemInit) refers to system_stm32f4xx.o(i.SetSysClock) for SetSysClock
    tim6_usart1_irq.o(i.TIM7_IRQHandler) refers to stm32f4xx_tim.o(i.TIM_GetITStatus) for TIM_GetITStatus
    tim6_usart1_irq.o(i.TIM7_IRQHandler) refers to stm32f4xx_tim.o(i.TIM_ClearITPendingBit) for TIM_ClearITPendingBit
    tim6_usart1_irq.o(i.TIM7_IRQHandler) refers to parameter.o(.data) for Torque_T_count
    tim6_usart1_irq.o(i.TIM7_IRQHandler) refers to actionoperate.o(.data) for m_PowerOnTimeTotalCount
    tim6_usart1_irq.o(i.TIM7_IRQHandler) refers to statuscontrol.o(.data) for Communication_Time
    tim6_usart1_irq.o(i.TIM7_IRQHandler) refers to auto_2.o(.data) for g_AutoStatue
    tim6_usart1_irq.o(i.TIM7_IRQHandler) refers to error.o(.data) for Axsis_Error_Count
    tim6_usart1_irq.o(i.TIM7_IRQHandler) refers to auto_2.o(.bss) for g_SubProgram_ActionRun_Timer
    tim6_usart1_irq.o(i.TIM7_IRQHandler) refers to auto.o(.data) for Action_Done_Flag
    tim6_usart1_irq.o(i.TIM7_IRQHandler) refers to jdz.o(.data) for JDZ_ReadPosition_count
    tim6_usart1_irq.o(i.TIM7_IRQHandler) refers to actionoperate.o(.bss) for g_SubProgramDelay_Step
    tim6_usart1_irq.o(i.USART1_IRQHandler) refers to stm32f4xx_usart.o(i.USART_GetITStatus) for USART_GetITStatus
    tim6_usart1_irq.o(i.USART1_IRQHandler) refers to stm32f4xx_usart.o(i.USART_ClearFlag) for USART_ClearFlag
    tim6_usart1_irq.o(i.USART1_IRQHandler) refers to stm32f4xx_usart.o(i.USART_ReceiveData) for USART_ReceiveData
    tim6_usart1_irq.o(i.USART1_IRQHandler) refers to usart.o(.bss) for ReceiveDataBuffer
    tim6_usart1_irq.o(i.USART1_IRQHandler) refers to usart.o(.data) for ReceiveDataCounter
    tim6_usart1_irq.o(i.USART1_IRQHandler) refers to statuscontrol.o(.data) for OnLineCommunicated_Flag
    startup_stm32f40_41xxx.o(STACK) refers (Special) to heapauxi.o(.text) for __use_two_region_memory
    startup_stm32f40_41xxx.o(HEAP) refers (Special) to heapauxi.o(.text) for __use_two_region_memory
[...]
    sMD_CurMDCode                            0x20000496   Data           1  parameter.o(.data)
    sMD_GoodOffset_flag                      0x20000497   Data           1  parameter.o(.data)
    All_MD_Deleted_Flag                      0x20000498   Data           1  parameter.o(.data)
    g_Write_FlashFlag                        0x20000499   Data           1  parameter.o(.data)
    Axsis_ParVelChange                       0x2000049c   Data           4  parameter.o(.data)
    Axsis_ParPosChange                       0x200004a0   Data           4  parameter.o(.data)
    AxisMoveFlag                             0x200004a4   Data           6  speedcontrol.o(.data)
    Pulse_MaxAcc                             0x200004ac   Data          24  speedcontrol.o(.data)
    m_InterpAcc                              0x200004c4   Data           4  speedcontrol.o(.data)
    m_InterpAccFlag                          0x200004c8   Data           1  speedcontrol.o(.data)
    m_InterpAxisFlag                         0x200004c9   Data           6  speedcontrol.o(.data)
    m_InterpAxisMoveFlag                     0x200004cf   Data           6  speedcontrol.o(.data)
    Pulse_StopRequest                        0x200004d5   Data           6  speedcontrol.o(.data)
    m_InterpLenAxis                          0x200004db   Data           1  speedcontrol.o(.data)
    m_InterpCurveFlag                        0x200004dc   Data           1  speedcontrol.o(.data)
    StartReceiveDataFlag                     0x200004dd   Data           1  usart.o(.data)
    USART1ErrorFlag                          0x200004de   Data           1  usart.o(.data)
    NewOrder                                 0x200004df   Data           1  usart.o(.data)
    ReceiveDataCounter                       0x200004e0   Data           1  usart.o(.data)
    ReceiveDataLen                           0x200004e1   Data           1  usart.o(.data)
    temp                                     0x200004e2   Data           7  usart.o(.data)
    ExtendRecDataFlag                        0x200004ea   Data           1  extendcom.o(.data)
    ExtendRecDataLen                         0x200004eb   Data           1  extendcom.o(.data)
    ExtendEquipID                            0x200004ec   Data           1  extendcom.o(.data)
    ExtendProgramNum                         0x200004ee   Data           2  extendcom.o(.data)
    ExtendEmergencyStop                      0x200004f0   Data           1  extendcom.o(.data)
    ExtendYieldChange                        0x200004f1   Data           1  extendcom.o(.data)
    ExtendPosChangeNum                       0x200004f2   Data           1  extendcom.o(.data)
    ExtendStateChange                        0x200004f3   Data           1  extendcom.o(.data)
    ExtendCancleAlarm                        0x200004f4   Data           1  extendcom.o(.data)
    ExtendSerialNum                          0x200004f5   Data           1  extendcom.o(.data)
    ServoNodeID                              0x20000506   Data           7  canopen.o(.data)
    Homing_Flag_Can                          0x2000050d   Data           1  canopen.o(.data)
    Servo_ModeFlag                           0x2000050e   Data           6  canopen.o(.data)
    Servo_ConnectSta                         0x20000514   Data           6  canopen.o(.data)
    Servo_ConnectError                       0x2000051a   Data           6  canopen.o(.data)
    Servo_InitFinish                         0x20000520   Data           1  canopen.o(.data)
    PDO_FirstGetPosition                     0x20000521   Data           6  pdo.o(.data)
    PDO_Cur_Mode                             0x20000527   Data           6  pdo.o(.data)
    EtherCatConnectFlag                      0x20000530   Data           1  ethercat_app.o(.data)
    E_AllowUpdataSend                        0x20000531   Data           1  ethercat_app.o(.data)
    EtherCatPHY_LinkSta                      0x20000532   Data           1  ethercat_app.o(.data)
    E_LastDCtimeFlag                         0x20000533   Data           1  ethercat_app.o(.data)
    E_LastDCtime                             0x20000538   Data           8  ethercat_app.o(.data)
    E_CurDCtime                              0x20000540   Data           8  ethercat_app.o(.data)
    E_ErrDCtime                              0x20000548   Data           8  ethercat_app.o(.data)
    EthStatus                                0x20000554   Data           4  lan8742a.o(.data)
    EthLinkStatus                            0x20000558   Data           1  lan8742a.o(.data)
    DMATxDescToSet                           0x2000055c   Data           4  stm32f429_eth.o(.data)
    DMARxDescToGet                           0x20000560   Data           4  stm32f429_eth.o(.data)
    DMA_RX_FRAME_infos                       0x20000564   Data           4  stm32f429_eth.o(.data)
    Frame_Rx_index                           0x20000568   Data           4  stm32f429_eth.o(.data)
    sys_timer                                0x20000570   Data           8  bsp_systick.o(.data)
    TimeOut                                  0x20000578   Data           4  bsp_systick.o(.data)
    ec_slavecount                            0x20000580   Data           4  ethercatmain.o(.data)
    EcatError                                0x2000058c   Data           1  ethercatmain.o(.data)
    ec_DCtime                                0x20000590   Data           8  ethercatmain.o(.data)
    ecx_context                              0x20000598   Data          80  ethercatmain.o(.data)
    W25QXX_BUFFER                            0x200005e8   Data        4096  w25qxx.o(.bss)
    g_SubProgram_Step_Run                    0x200015e8   Data          10  auto_2.o(.bss)
    g_SubProgram_Start                       0x200015f2   Data          10  auto_2.o(.bss)
    g_SubProgram_Finish                      0x200015fc   Data          10  auto_2.o(.bss)
    g_SubProgram_ContralEnd                  0x20001606   Data          10  auto_2.o(.bss)
    g_Read_SubProgram                        0x20001610   Data          10  auto_2.o(.bss)
    g_SubProgram_PresentLine                 0x2000161a   Data          20  auto_2.o(.bss)
    g_SubProgram_ActionRun_Step              0x2000162e   Data          10  auto_2.o(.bss)
    g_SubProgram_ActionRun_Timer             0x20001638   Data          40  auto_2.o(.bss)
    g_Auto_SubActionNcWait_Flag              0x20001660   Data          10  auto_2.o(.bss)
    g_SubAuto_Valid_Flag                     0x2000166a   Data          10  auto_2.o(.bss)
    g_SubAuto_Valid_Timer                    0x20001674   Data          40  auto_2.o(.bss)
    m_JumpSubStepRunNum                      0x2000169c   Data          20  auto_2.o(.bss)
    m_WhileRunFlag                           0x200016b0   Data          10  auto_2.o(.bss)
    m_WhileLineNum                           0x200016ba   Data          20  auto_2.o(.bss)
    m_WhileCycCounter                        0x200016ce   Data          20  auto_2.o(.bss)
    m_WhileJudgeType                         0x200016e2   Data          10  auto_2.o(.bss)
    m_WhileJudgePar1                         0x200016ec   Data          40  auto_2.o(.bss)
    m_WhileJudgePar2                         0x20001714   Data          40  auto_2.o(.bss)
    m_WhileJudgeRes                          0x2000173c   Data          10  auto_2.o(.bss)
    m_WhileSubNC                             0x20001746   Data          10  auto_2.o(.bss)
    m_WhileSubRunFlag                        0x20001750   Data         100  auto_2.o(.bss)
    m_WhileSubLineNum                        0x200017b4   Data         200  auto_2.o(.bss)
    m_WhileSubCycCounter                     0x2000187c   Data         200  auto_2.o(.bss)
    m_WhileSubJudgeType                      0x20001944   Data         100  auto_2.o(.bss)
    m_WhileSubJudgePar1                      0x200019a8   Data         400  auto_2.o(.bss)
    m_WhileSubJudgePar2                      0x20001b38   Data         400  auto_2.o(.bss)
    m_WhileSubJudgeRes                       0x20001cc8   Data         100  auto_2.o(.bss)
    m_IfElseJudgeType                        0x20001d2c   Data          10  auto_2.o(.bss)
    m_IfElseJudgePar1                        0x20001d38   Data          40  auto_2.o(.bss)
    m_IfElseJudgePar2                        0x20001d60   Data          40  auto_2.o(.bss)
    m_IfElseJudgeRes                         0x20001d88   Data          10  auto_2.o(.bss)
    m_IfElseJudgeRunFlag                     0x20001d92   Data          10  auto_2.o(.bss)
    m_IfElseSubNC                            0x20001d9c   Data          10  auto_2.o(.bss)
    m_IfElseSubJudgeType                     0x20001da6   Data         100  auto_2.o(.bss)
    m_IfElseSubJudgePar1                     0x20001e0c   Data         400  auto_2.o(.bss)
    m_IfElseSubJudgePar2                     0x20001f9c   Data         400  auto_2.o(.bss)
    m_IfElseSubJudgeRes                      0x2000212c   Data         100  auto_2.o(.bss)
    m_IfElseSubJudgeRunFlag                  0x20002190   Data         100  auto_2.o(.bss)
    Detect_Falling_Edge_Sub                  0x200021f4   Data          10  auto_2.o(.bss)
    Detect_Rising_Edge_Sub                   0x200021fe   Data          10  auto_2.o(.bss)
    SubAction_Step_List_Num                  0x20002208   Data          20  auto_2.o(.bss)
    SubAction_Step_Run_Num                   0x2000221c   Data          20  auto_2.o(.bss)
    SubAction_Step_Confirm_Num               0x20002230   Data          20  auto_2.o(.bss)
    Robot_Error_Data                         0x20002244   Data          15  error.o(.bss)
    IO_Input_waittime                        0x20002254   Data          60  error.o(.bss)
    IO_Input_keepMin                         0x20002290   Data          60  error.o(.bss)
    IO_Input_keepMax                         0x200022cc   Data          60  error.o(.bss)
    IO_Sign_On_Off                           0x20002308   Data          60  error.o(.bss)
    OutPut_BeforeOrigin                      0x20002344   Data          60  error.o(.bss)
    OutPut_AfterOrigin                       0x20002380   Data          60  error.o(.bss)
    OutPut_Common_Alarm                      0x200023bc   Data          60  error.o(.bss)
    OutPut_Emerge_Alarm                      0x200023f8   Data          60  error.o(.bss)
    OutPut_Pause                             0x20002434   Data          60  error.o(.bss)
    OutPut_Stop                              0x20002470   Data          60  error.o(.bss)
    g_SubProgram_Key_Delay_Flag              0x200024e0   Data          10  actionoperate.o(.bss)
    g_SubProgram_Key_Delay_Timer             0x200024ec   Data          40  actionoperate.o(.bss)
    g_SubProgramDelay_Step                   0x20002514   Data          10  actionoperate.o(.bss)
    g_SubProgramDelay_Timer                  0x20002520   Data          40  actionoperate.o(.bss)
    Increment_Target                         0x20002548   Data          24  actionoperate.o(.bss)
    SlowPointIncrement                       0x20002560   Data          24  actionoperate.o(.bss)
    SlowPointSpeed                           0x20002578   Data          24  actionoperate.o(.bss)
    AdvancePointInc                          0x20002590   Data          24  actionoperate.o(.bss)
    m_PulseOutputStartTime                   0x200025a8   Data          72  actionoperate.o(.bss)
    m_PulseOutputEndTime                     0x200025f0   Data          72  actionoperate.o(.bss)
    m_PulseOutputSta                         0x20002638   Data          18  actionoperate.o(.bss)
    Axsis_MoveTarPos                         0x2000264c   Data          24  actionoperate.o(.bss)
    Axsis_MoveTarSpeed                       0x20002664   Data          24  actionoperate.o(.bss)
    JDZ_Encoder                              0x2000267c   Data          48  jdz.o(.bss)
    JDZ_Encoder_Position                     0x200026ac   Data          24  jdz.o(.bss)
    JDZ_Position                             0x200026c4   Data          24  jdz.o(.bss)
    JDZ_ZeroPosition                         0x200026dc   Data          24  jdz.o(.bss)
    m_PositionResetCounter                   0x200026f4   Data          24  jdz.o(.bss)
    Robot_SoftLimit                          0x2000270c   Data          48  parameter.o(.bss)
    Robot_Safe_Area                          0x2000273c   Data          60  parameter.o(.bss)
    SC_Parameter                             0x20002778   Data          24  parameter.o(.bss)
    USER_Parameter                           0x20002790   Data         176  parameter.o(.bss)
    Input_Name                               0x20002840   Data         288  parameter.o(.bss)
    Output_Name                              0x20002960   Data         216  parameter.o(.bss)
    Temp_IO_Switch_Parameter                 0x20002a38   Data          24  parameter.o(.bss)
    Temp_OUT_Switch_Parameter                0x20002a50   Data          18  parameter.o(.bss)
    Free_Program_Operate                     0x20002a64   Data        3220  parameter.o(.bss)
    SubProgram_Operate                       0x200036f8   Data       32200  parameter.o(.bss)
    Search_Time                              0x2000b4c0   Data          12  parameter.o(.bss)
    Manul_Save_Point                         0x2000b4cc   Data        1280  parameter.o(.bss)
    Step_Coefficient                         0x2000b9cc   Data          24  parameter.o(.bss)
    sMD_Name                                 0x2000b9e4   Data          12  parameter.o(.bss)
    sMD_Parameter                            0x2000b9f0   Data          44  parameter.o(.bss)
    sMD_FlashCurLayer                        0x2000ba1c   Data          60  parameter.o(.bss)
    sMD_FlashCurNum                          0x2000ba58   Data          60  parameter.o(.bss)
    sCartesian_Para                          0x2000ba94   Data          28  parameter.o(.bss)
    PF_Parameter                             0x2000bab0   Data          12  parameter.o(.bss)
    Internet_Parameter                       0x2000babc   Data          13  parameter.o(.bss)
    ExtendAix_Parameter                      0x2000bacc   Data          56  parameter.o(.bss)
    m_PulseTotalCounter                      0x2000bb04   Data          24  speedcontrol.o(.bss)
    Servo_Pulse_Count                        0x2000bb1c   Data          24  speedcontrol.o(.bss)
    Pulse_MaxSpeed                           0x2000bb34   Data          24  speedcontrol.o(.bss)
    Pulse_AccDecMaxSpeedStep                 0x2000bb4c   Data          12  speedcontrol.o(.bss)
    Pulse_PreSpeedStep                       0x2000bb58   Data          12  speedcontrol.o(.bss)
    m_InterpAxisPulseBuf                     0x2000bb64   Data         240  speedcontrol.o(.bss)
    m_InterpAxisPulseBufWrite                0x2000bc54   Data          12  speedcontrol.o(.bss)
    m_InterpAxisPulseBufRead                 0x2000bc60   Data          12  speedcontrol.o(.bss)
    m_InterAxisMoveLen                       0x2000bc6c   Data          24  speedcontrol.o(.bss)
    m_StartPulseCounter                      0x2000bc84   Data          24  speedcontrol.o(.bss)
    m_InterAxisMoveIncre                     0x2000bc9c   Data          24  speedcontrol.o(.bss)
    SendDataBuffer                           0x2000bcb4   Data         120  usart.o(.bss)
    ReceiveDataBuffer                        0x2000bd2c   Data         120  usart.o(.bss)
    UsartReceiveData                         0x2000bda4   Data         120  usart.o(.bss)
    ExtendSendDataBuf                        0x2000be1c   Data          50  extendcom.o(.bss)
    ExtendRecDataBuf                         0x2000be4e   Data          50  extendcom.o(.bss)
    CAN_Recieve_Data                         0x2000be80   Data          20  canopen.o(.bss)
    Controlword                              0x2000be94   Data          12  canopen.o(.bss)
    Servo_CommunTimeoutCounter               0x2000bea0   Data          12  canopen.o(.bss)
    PDO_Actual_Status                        0x2000beac   Data          12  pdo.o(.bss)
    PDO_Cur_Position                         0x2000beb8   Data          24  pdo.o(.bss)
    PDO_Cur_Tprque                           0x2000bed0   Data          12  pdo.o(.bss)
    PDO_Cur_Speed                            0x2000bedc   Data          24  pdo.o(.bss)
    PDO_Actual_StatusUpdateTime              0x2000bef4   Data          12  pdo.o(.bss)
    PDO_Actual_StatusUpdate                  0x2000bf00   Data          12  pdo.o(.bss)
    PDO_IOmap                                0x2000bf0c   Data        1024  ethercat_app.o(.bss)
    PDO_OutPuts                              0x2000c30c   Data          28  ethercat_app.o(.bss)
    PDO_InPuts                               0x2000c328   Data          28  ethercat_app.o(.bss)
    PDO_TargetInf                            0x2000c344   Data          70  ethercat_app.o(.bss)
    ETH_InitStructure                        0x2000c3d0   Data         188  lan8742a.o(.bss)
    DMARxDscrTab                             0x2000c48c   Data          32  stm32f429_eth.o(.bss)
    DMATxDscrTab                             0x2000c4ac   Data          32  stm32f429_eth.o(.bss)
    Rx_Buff                                  0x2000c4cc   Data        3048  stm32f429_eth.o(.bss)
    Tx_Buff                                  0x2000d0b4   Data        3048  stm32f429_eth.o(.bss)
    RX_Frame_Descriptor                      0x2000dc9c   Data          12  stm32f429_eth.o(.bss)
    ec_slave                                 0x2000dca8   Data        5312  ethercatmain.o(.bss)
    ec_group                                 0x2000f168   Data         592  ethercatmain.o(.bss)
    ecx_port                                 0x20010c3c   Data       12248  ethercatmain.o(.bss)
    ecx_redport                              0x20013c14   Data        4604  ethercatmain.o(.bss)
    __libspace_start                         0x20014e10   Data          96  libspace.o(.bss)
    __temporary_stack_top$libspace           0x20014e70   Data           0  libspace.o(.bss)



==============================================================================

Memory Map of the image

  Image Entry point : 0x08000189

  Load Region LR_IROM1 (Base: 0x08000000, Size: 0x00023508, Max: 0x00080000, ABSOLUTE, COMPRESSED[0x00023050])

    Execution Region ER_IROM1 (Exec base: 0x08000000, Load base: 0x08000000, Size: 0x00022f20, Max: 0x00080000, ABSOLUTE)

    Exec Addr    Load Addr    Size         Type   Attr      Idx    E Section Name        Object

    0x08000000   0x08000000   0x00000188   Data   RO          391    RESET               startup_stm32f40_41xxx.o
    0x08000188   0x08000188   0x00000008   Code   RO         7786  * !!!main             c_w.l(__main.o)
    0x08000190   0x08000190   0x00000034   Code   RO         8116    !!!scatter          c_w.l(__scatter.o)
    0x080001c4   0x080001c4   0x0000005a   Code   RO         8114    !!dczerorl2         c_w.l(__dczerorl2.o)
    0x0800021e   0x0800021e   0x00000002   PAD
    0x08000220   0x08000220   0x0000001c   Code   RO         8118    !!handler_zi        c_w.l(__scatter_zi.o)
    0x0800023c   0x0800023c   0x00000002   Code   RO         7981    .ARM.Collect$$libinit$$00000000  c_w.l(libinit.o)
    0x0800023e   0x0800023e   0x00000004   Code   RO         7988    .ARM.Collect$$libinit$$00000001  c_w.l(libinit2.o)
    0x08000242   0x08000242   0x00000000   Code   RO         7991    .ARM.Collect$$libinit$$00000004  c_w.l(libinit2.o)
    0x08000242   0x08000242   0x00000000   Code   RO         7994    .ARM.Collect$$libinit$$0000000A  c_w.l(libinit2.o)
    0x08000242   0x08000242   0x00000000   Code   RO         7996    .ARM.Collect$$libinit$$0000000C  c_w.l(libinit2.o)
    0x08000242   0x08000242   0x00000000   Code   RO         7998    .ARM.Collect$$libinit$$0000000E  c_w.l(libinit2.o)
    0x08000242   0x08000242   0x00000000   Code   RO         8001    .ARM.Collect$$libinit$$00000011  c_w.l(libinit2.o)
    0x08000242   0x08000242   0x00000000   Code   RO         8003    .ARM.Collect$$libinit$$00000013  c_w.l(libinit2.o)
    0x08000242   0x08000242   0x00000000   Code   RO         8005    .ARM.Collect$$libinit$$00000015  c_w.l(libinit2.o)
    0x08000242   0x08000242   0x00000000   Code   RO         8007    .ARM.Collect$$libinit$$00000017  c_w.l(libinit2.o)
    0x08000242   0x08000242   0x00000000   Code   RO         8009    .ARM.Collect$$libinit$$00000019  c_w.l(libinit2.o)
    0x08000242   0x08000242   0x00000000   Code   RO         8011    .ARM.Collect$$libinit$$0000001B  c_w.l(libinit2.o)
    0x08000242   0x08000242   0x00000000   Code   RO         8013    .ARM.Collect$$libinit$$0000001D  c_w.l(libinit2.o)
    0x08000242   0x08000242   0x00000000   Code   RO         8015    .ARM.Collect$$libinit$$0000001F  c_w.l(libinit2.o)
    0x08000242   0x08000242   0x00000000   Code   RO         8017    .ARM.Collect$$libinit$$00000021  c_w.l(libinit2.o)
    0x08000242   0x08000242   0x00000000   Code   RO         8019    .ARM.Collect$$libinit$$00000023  c_w.l(libinit2.o)
    0x08000242   0x08000242   0x00000000   Code   RO         8021    .ARM.Collect$$libinit$$00000025  c_w.l(libinit2.o)
    0x08000242   0x08000242   0x00000000   Code   RO         8025    .ARM.Collect$$libinit$$0000002C  c_w.l(libinit2.o)
    0x08000242   0x08000242   0x00000000   Code   RO         8027    .ARM.Collect$$libinit$$0000002E  c_w.l(libinit2.o)
    0x08000242   0x08000242   0x00000000   Code   RO         8029    .ARM.Collect$$libinit$$00000030  c_w.l(libinit2.o)
    0x08000242   0x08000242   0x00000000   Code   RO         8031    .ARM.Collect$$libinit$$00000032  c_w.l(libinit2.o)
    0x08000242   0x08000242   0x00000002   Code   RO         8032    .ARM.Collect$$libinit$$00000033  c_w.l(libinit2.o)
    0x08000244   0x08000244   0x00000002   Code   RO         8062    .ARM.Collect$$libshutdown$$00000000  c_w.l(libshutdown.o)
    0x08000246   0x08000246   0x00000000   Code   RO         8079    .ARM.Collect$$libshutdown$$00000002  c_w.l(libshutdown2.o)
    0x08000246   0x08000246   0x00000000   Code   RO         8081    .ARM.Collect$$libshutdown$$00000004  c_w.l(libshutdown2.o)
    0x08000246   0x08000246   0x00000000   Code   RO         8083    .ARM.Collect$$libshutdown$$00000006  c_w.l(libshutdown2.o)
    0x08000246   0x08000246   0x00000000   Code   RO         8086    .ARM.Collect$$libshutdown$$00000009  c_w.l(libshutdown2.o)
    0x08000246   0x08000246   0x00000000   Code   RO         8089    .ARM.Collect$$libshutdown$$0000000C  c_w.l(libshutdown2.o)
    0x08000246   0x08000246   0x00000000   Code   RO         8091    .ARM.Collect$$libshutdown$$0000000E  c_w.l(libshutdown2.o)
    0x08000246   0x08000246   0x00000000   Code   RO         8094    .ARM.Collect$$libshutdown$$00000011  c_w.l(libshutdown2.o)
    0x08000246   0x08000246   0x00000002   Code   RO         8095    .ARM.Collect$$libshutdown$$00000012  c_w.l(libshutdown2.o)
    0x08000248   0x08000248   0x00000000   Code   RO         7864    .ARM.Collect$$rtentry$$00000000  c_w.l(__rtentry.o)
    0x08000248   0x08000248   0x00000000   Code   RO         7934    .ARM.Collect$$rtentry$$00000002  c_w.l(__rtentry2.o)
    0x08000248   0x08000248   0x00000006   Code   RO         7946    .ARM.Collect$$rtentry$$00000004  c_w.l(__rtentry4.o)
    0x0800024e   0x0800024e   0x00000000   Code   RO         7936    .ARM.Collect$$rtentry$$00000009  c_w.l(__rtentry2.o)
    0x0800024e   0x0800024e   0x00000004   Code   RO         7937    .ARM.Collect$$rtentry$$0000000A  c_w.l(__rtentry2.o)
    0x08000252   0x08000252   0x00000000   Code   RO         7939    .ARM.Collect$$rtentry$$0000000C  c_w.l(__rtentry2.o)
    0x08000252   0x08000252   0x00000008   Code   RO         7940    .ARM.Collect$$rtentry$$0000000D  c_w.l(__rtentry2.o)
    0x0800025a   0x0800025a   0x00000002   Code   RO         7982    .ARM.Collect$$rtexit$$00000000  c_w.l(rtexit.o)
    0x0800025c   0x0800025c   0x00000000   Code   RO         8034    .ARM.Collect$$rtexit$$00000002  c_w.l(rtexit2.o)
    0x0800025c   0x0800025c   0x00000004   Code   RO         8035    .ARM.Collect$$rtexit$$00000003  c_w.l(rtexit2.o)
    0x08000260   0x08000260   0x00000006   Code   RO         8036    .ARM.Collect$$rtexit$$00000004  c_w.l(rtexit2.o)
    0x08000266   0x08000266   0x00000002   PAD
    0x08000268   0x08000268   0x00000040   Code   RO          392    .text               startup_stm32f40_41xxx.o
    0x080002a8   0x080002a8   0x00000048   Code   RO         7768    .text               c_w.l(llsdiv.o)
    0x080002f0   0x080002f0   0x00000048   Code   RO         7770    .text               c_w.l(strcpy.o)
    0x08000338   0x08000338   0x0000008a   Code   RO         7774    .text               c_w.l(rt_memcpy_v6.o)
    0x080003c2   0x080003c2   0x00000064   Code   RO         7776    .text               c_w.l(rt_memcpy_w.o)
    0x08000426   0x08000426   0x00000044   Code   RO         7778    .text               c_w.l(rt_memclr.o)
    0x0800046a   0x0800046a   0x0000004e   Code   RO         7780    .text               c_w.l(rt_memclr_w.o)
    0x080004b8   0x080004b8   0x00000006   Code   RO         7784    .text               c_w.l(heapauxi.o)
    0x080004be   0x080004be   0x000000ee   Code   RO         7865    .text               c_w.l(lludivv7m.o)
    0x080005ac   0x080005ac   0x00000016   Code   RO         7867    .text               c_w.l(_rserrno.o)
    0x080005c2   0x080005c2   0x00000002   PAD
    0x080005c4   0x080005c4   0x00000008   Code   RO         7955    .text               c_w.l(rt_errno_addr_intlibspace.o)
    0x080005cc   0x080005cc   0x00000008   Code   RO         7967    .text               c_w.l(libspace.o)
    0x080005d4   0x080005d4   0x0000004a   Code   RO         7970    .text               c_w.l(sys_stackheap_outer.o)
    0x0800061e   0x0800061e   0x00000012   Code   RO         7974    .text               c_w.l(exit.o)
    0x08000630   0x08000630   0x0000000c   Code   RO         8050    .text               c_w.l(sys_exit.o)
    0x0800063c   0x0800063c   0x00000002   Code   RO         8067    .text               c_w.l(use_no_semi.o)
    0x0800063e   0x0800063e   0x00000000   Code   RO         8069    .text               c_w.l(indicate_semi.o)
    0x0800063e   0x0800063e   0x00000002   PAD
    0x08000640   0x08000640   0x00000118   Code   RO         1683    i.AXisMove          actionoperate.o
    0x08000758   0x08000758   0x000001d8   Code   RO         1684    i.AXisSncyMove      actionoperate.o
    0x08000930   0x08000930   0x000000d6   Code   RO         1685    i.ActionAllowJudge  actionoperate.o
    0x08000a06   0x08000a06   0x00000002   PAD
    0x08000a08   0x08000a08   0x0000039c   Code   RO         1467    i.ActionControl     statuscontrol.o
    0x08000da4   0x08000da4   0x0000007c   Code   RO          985    i.ActionOverOperate  auto_2.o
    0x08000e20   0x08000e20   0x00000378   Code   RO          986    i.ActionStepControl  auto_2.o
    0x08001198   0x08001198   0x0000002c   Code   RO         1227    i.AutoActionConflict  error.o
    0x080011c4   0x080011c4   0x0000004c   Code   RO         1228    i.AutoActionError   error.o
    0x08001210   0x08001210   0x000002bc   Code   RO         1686    i.AutoActionMove    actionoperate.o
    0x080014cc   0x080014cc   0x000010e0   Code   RO         1687    i.AutoActionOutConfirm  actionoperate.o
    0x080025ac   0x080025ac   0x000018a0   Code   RO         1688    i.AutoActionOutControl  actionoperate.o
    0x08003e4c   0x08003e4c   0x00000098   Code   RO         1689    i.AutoActionOutDelay  actionoperate.o
    0x08003ee4   0x08003ee4   0x00000040   Code   RO         1690    i.AutoActionStepList  actionoperate.o
    0x08003f24   0x08003f24   0x0000002c   Code   RO         1229    i.AutoActionTimeOut  error.o
    0x08003f50   0x08003f50   0x00000150   Code   RO          987    i.AutoModeControl   auto_2.o
    0x080040a0   0x080040a0   0x00000130   Code   RO          988    i.AutoPauseOperate  auto_2.o
    0x080041d0   0x080041d0   0x000001f8   Code   RO          895    i.AutoReset         auto.o
    0x080043c8   0x080043c8   0x0000019c   Code   RO          896    i.AutoRun           auto.o
    0x08004564   0x08004564   0x000001d0   Code   RO          989    i.AutoStopOperate   auto_2.o
    0x08004734   0x08004734   0x00000088   Code   RO         2065    i.AxisInterpIRQDeal  speedcontrol.o
    0x080047bc   0x080047bc   0x000000e8   Code   RO         1894    i.AxisInterpParSave  parameter.o
    0x080048a4   0x080048a4   0x000000b4   Code   RO         2066    i.AxisMoveAccCal    speedcontrol.o
    0x08004958   0x08004958   0x000000b4   Code   RO         1063    i.Axis_BackToOrigin  backtoorigin.o
    0x08004a0c   0x08004a0c   0x00000100   Code   RO         1064    i.Axis_Machine_Origin  backtoorigin.o
    0x08004b0c   0x08004b0c   0x000001ac   Code   RO         1065    i.Axis_Set_Origin   backtoorigin.o
    0x08004cb8   0x08004cb8   0x00000030   Code   RO         1691    i.Axis_To_ID        actionoperate.o
    0x08004ce8   0x08004ce8   0x0000007c   Code   RO         1066    i.Axis_To_Reset     backtoorigin.o
    0x08004d64   0x08004d64   0x00000038   Code   RO         1895    i.AxsisEncoderBit   parameter.o
    0x08004d9c   0x08004d9c   0x00000198   Code   RO         1896    i.AxsisMoveCoefChange  parameter.o
    0x08004f34   0x08004f34   0x00000104   Code   RO         1067    i.BackToOrigin      backtoorigin.o
    0x08005038   0x08005038   0x00000004   Code   RO          241    i.BusFault_Handler  stm32f4xx_it.o
    0x0800503c   0x0800503c   0x00000024   Code   RO         5183    i.CAN1_RX0_IRQHandler  canopen.o
    0x08005060   0x08005060   0x000000f0   Code   RO         3104    i.CAN_Receive       stm32f4xx_can.o
    0x08005150   0x08005150   0x0000003c   Code   RO         2251    i.CRC_chk           extendcom.o
    0x0800518c   0x0800518c   0x0000002c   Code   RO         5184    i.CSP_Mode_AxisInit  canopen.o
    0x080051b8   0x080051b8   0x0000002c   Code   RO         5185    i.CSP_Mode_Init     canopen.o
    0x080051e4   0x080051e4   0x0000002c   Code   RO         5187    i.CST_Mode_Init     canopen.o
    0x08005210   0x08005210   0x0000001c   Code   RO         1818    i.Cancle_Get_Position_Flag  jdz.o
    0x0800522c   0x0800522c   0x00000018   Code   RO         1230    i.CloseTotalMotorError  error.o
    0x08005244   0x08005244   0x00000298   Code   RO         1468    i.CurProgramRead    statuscontrol.o
    0x080054dc   0x080054dc   0x0000002c   Code   RO         1231    i.CurrentCJWorkFinished  error.o
    0x08005508   0x08005508   0x0000002c   Code   RO         1232    i.CurrentWorkFinished  error.o
    0x08005534   0x08005534   0x00000002   Code   RO          242    i.DebugMon_Handler  stm32f4xx_it.o
    0x08005536   0x08005536   0x00000002   PAD
    0x08005538   0x08005538   0x00000028   Code   RO         6209    i.Delay_ms          bsp_systick.o
    0x08005560   0x08005560   0x00000018   Code   RO         6210    i.Delay_us          bsp_systick.o
    0x08005578   0x08005578   0x0000041c   Code   RO         1897    i.DistanceToPulse   parameter.o
    0x08005994   0x08005994   0x00000054   Code   RO         5614    i.ETH_BSP_Config    lan8742a.o
    0x080059e8   0x080059e8   0x000000dc   Code   RO         5667    i.ETH_CheckFrameReceived  stm32f429_eth.o
    0x08005ac4   0x08005ac4   0x00000024   Code   RO         5671    i.ETH_DMAReceptionCmd  stm32f429_eth.o
    0x08005ae8   0x08005ae8   0x00000064   Code   RO         5672    i.ETH_DMARxDescChainInit  stm32f429_eth.o
    0x08005b4c   0x08005b4c   0x00000024   Code   RO         5674    i.ETH_DMATransmissionCmd  stm32f429_eth.o
    0x08005b70   0x08005b70   0x00000050   Code   RO         5677    i.ETH_DMATxDescChainInit  stm32f429_eth.o
    0x08005bc0   0x08005bc0   0x00000016   Code   RO         5683    i.ETH_DeInit        stm32f429_eth.o
    0x08005bd6   0x08005bd6   0x0000001c   Code   RO         5684    i.ETH_Delay         stm32f429_eth.o
    0x08005bf2   0x08005bf2   0x00000002   PAD
    0x08005bf4   0x08005bf4   0x0000002c   Code   RO         5685    i.ETH_FlushTransmitFIFO  stm32f429_eth.o
    0x08005c20   0x08005c20   0x00000134   Code   RO         5617    i.ETH_GPIO_Config   lan8742a.o
    0x08005d54   0x08005d54   0x00000018   Code   RO         5710    i.ETH_GetSoftwareResetStatus  stm32f429_eth.o
    0x08005d6c   0x08005d6c   0x00000048   Code   RO         5712    i.ETH_Get_Received_Frame  stm32f429_eth.o
    0x08005db4   0x08005db4   0x00000310   Code   RO         5715    i.ETH_Init          stm32f429_eth.o
    0x080060c4   0x080060c4   0x00000034   Code   RO         5717    i.ETH_MACAddressConfig  stm32f429_eth.o
    0x080060f8   0x080060f8   0x00000098   Code   RO         5618    i.ETH_MACDMA_Config  lan8742a.o
    0x08006190   0x08006190   0x00000040   Code   RO         5722    i.ETH_MACReceptionCmd  stm32f429_eth.o
    0x080061d0   0x080061d0   0x00000040   Code   RO         5723    i.ETH_MACTransmissionCmd  stm32f429_eth.o
    0x08006210   0x08006210   0x000000cc   Code   RO         5734    i.ETH_Prepare_Transmit_Descriptors  stm32f429_eth.o
    0x080062dc   0x080062dc   0x0000006c   Code   RO         5735    i.ETH_ReadPHYRegister  stm32f429_eth.o
    0x08006348   0x08006348   0x00000014   Code   RO         5743    i.ETH_SoftwareReset  stm32f429_eth.o
    0x0800635c   0x0800635c   0x00000020   Code   RO         5744    i.ETH_Start         stm32f429_eth.o
    0x0800637c   0x0800637c   0x000000b2   Code   RO         5746    i.ETH_StructInit    stm32f429_eth.o
    0x0800642e   0x0800642e   0x00000002   PAD
    0x08006430   0x08006430   0x00000068   Code   RO         5748    i.ETH_WritePHYRegister  stm32f429_eth.o
    0x08006498   0x08006498   0x0000000c   Code   RO         3380    i.EXTI_ClearITPendingBit  stm32f4xx_exti.o
    0x080064a4   0x080064a4   0x00000094   Code   RO         3385    i.EXTI_Init         stm32f4xx_exti.o
    0x08006538   0x08006538   0x00000040   Code   RO         1233    i.EmergencyStopJudge  error.o
    0x08006578   0x08006578   0x000001f8   Code   RO         1234    i.ErrorOperate      error.o
    0x08006770   0x08006770   0x00000594   Code   RO         5520    i.EtherCATInit      ethercat_app.o
    0x08006d04   0x08006d04   0x0000001c   Code   RO         5521    i.EtherCAT_GetCurrentPosition  ethercat_app.o
    0x08006d20   0x08006d20   0x00000394   Code   RO         5524    i.EtherCAT_RevSendDeal  ethercat_app.o
    0x080070b4   0x080070b4   0x00000018   Code   RO         5525    i.EtherCAT_SendPDOFinish  ethercat_app.o
    0x080070cc   0x080070cc   0x00000008   Code   RO         2254    i.ExtendGetData_u16  extendcom.o
    0x080070d4   0x080070d4   0x00000010   Code   RO         2255    i.ExtendGetData_u32  extendcom.o
    0x080070e4   0x080070e4   0x00000028   Code   RO         2256    i.ExtendGetProductFac  extendcom.o
    0x0800710c   0x0800710c   0x0000001c   Code   RO         2257    i.ExtendGetSerialNum  extendcom.o
    0x08007128   0x08007128   0x0000002c   Code   RO         2258    i.ExtendGetSystemVer  extendcom.o
    0x08007154   0x08007154   0x00000cbc   Code   RO         2259    i.ExtendRecDataDeal  extendcom.o
    0x08007e10   0x08007e10   0x00000024   Code   RO         3442    i.FLASH_DataCacheCmd  stm32f4xx_flash.o
    0x08007e34   0x08007e34   0x00000088   Code   RO         3447    i.FLASH_EraseSector  stm32f4xx_flash.o
    0x08007ebc   0x08007ebc   0x00000054   Code   RO         3449    i.FLASH_GetStatus   stm32f4xx_flash.o
    0x08007f10   0x08007f10   0x00000014   Code   RO         3453    i.FLASH_Lock        stm32f4xx_flash.o
    0x08007f24   0x08007f24   0x00000050   Code   RO         3477    i.FLASH_ProgramWord  stm32f4xx_flash.o
    0x08007f74   0x08007f74   0x00000024   Code   RO         3479    i.FLASH_Unlock      stm32f4xx_flash.o
    0x08007f98   0x08007f98   0x00000022   Code   RO         3480    i.FLASH_WaitForLastOperation  stm32f4xx_flash.o
    0x08007fba   0x08007fba   0x00000002   PAD
    0x08007fbc   0x08007fbc   0x000007ec   Code   RO         1899    i.FreeProgramSend   parameter.o
    0x080087a8   0x080087a8   0x00000090   Code   RO         2413    i.GPIO_Init         stm32f4xx_gpio.o
    0x08008838   0x08008838   0x00000046   Code   RO         2414    i.GPIO_PinAFConfig  stm32f4xx_gpio.o
    0x0800887e   0x0800887e   0x00000012   Code   RO         2417    i.GPIO_ReadInputDataBit  stm32f4xx_gpio.o
    0x08008890   0x08008890   0x00000004   Code   RO         2420    i.GPIO_ResetBits    stm32f4xx_gpio.o
    0x08008894   0x08008894   0x00000004   Code   RO         2421    i.GPIO_SetBits      stm32f4xx_gpio.o
    0x08008898   0x08008898   0x0000018c   Code   RO         1692    i.GetIO_Value       actionoperate.o
    0x08008a24   0x08008a24   0x00000044   Code   RO         5439    i.Get_Status_Position  pdo.o
    0x08008a68   0x08008a68   0x00000004   Code   RO          243    i.HardFault_Handler  stm32f4xx_it.o
    0x08008a6c   0x08008a6c   0x000003f0   Code   RO         1235    i.HardLimitJudge    error.o
    0x08008e5c   0x08008e5c   0x00000044   Code   RO         5189    i.Homing_Mode_AxisInit  canopen.o
    0x08008ea0   0x08008ea0   0x00000032   Code   RO         5190    i.ID_To_Axis        canopen.o
    0x08008ed2   0x08008ed2   0x00000002   PAD
    0x08008ed4   0x08008ed4   0x00000174   Code   RO         1365    i.IODebugOutput1    manual.o
    0x08009048   0x08009048   0x00000174   Code   RO         1366    i.IODebugOutput2    manual.o
    0x080091bc   0x080091bc   0x00000104   Code   RO         1367    i.IODebugOutput3    manual.o
    0x080092c0   0x080092c0   0x00000090   Code   RO          468    i.InputInit         in.o
    0x08009350   0x08009350   0x00000010   Code   RO         2068    i.InterpAxisPreAcc  speedcontrol.o
    0x08009360   0x08009360   0x0000002c   Code   RO         2069    i.InterpAxisPulseNum  speedcontrol.o
    0x0800938c   0x0800938c   0x00000238   Code   RO         2070    i.InterpSendPulse   speedcontrol.o
    0x080095c4   0x080095c4   0x00000088   Code   RO         1819    i.JDZ_OrderDecoding  jdz.o
    0x0800964c   0x0800964c   0x00000078   Code   RO         1820    i.JDZ_OriginRead    jdz.o
    0x080096c4   0x080096c4   0x00000194   Code   RO         1821    i.JDZ_Origin_Set    jdz.o
    0x08009858   0x08009858   0x00000038   Code   RO         1822    i.JDZ_Save_Origin_Set  jdz.o
    0x08009890   0x08009890   0x00000006   Code   RO         1823    i.Judge_JDZ_Error   jdz.o
    0x08009896   0x08009896   0x00000002   PAD
    0x08009898   0x08009898   0x00000024   Code   RO         1693    i.Key_Delay         actionoperate.o
    0x080098bc   0x080098bc   0x00000070   Code   RO         1068    i.L_O_Z_X_BackToOrigin  backtoorigin.o
    0x0800992c   0x0800992c   0x000003e0   Code   RO         1529    i.MD_ContinueStackCount  md.o
    0x08009d0c   0x08009d0c   0x0000008c   Code   RO         1530    i.MD_GetCurLayerNum  md.o
    0x08009d98   0x08009d98   0x00000018   Code   RO         1531    i.MD_GoodNumJudge   md.o
    0x08009db0   0x08009db0   0x0000044c   Code   RO         1532    i.MD_GoodOffset_Calculate  md.o
    0x0800a1fc   0x0800a1fc   0x0000007c   Code   RO         1533    i.MD_LayerFullJudge  md.o
    0x0800a278   0x0800a278   0x00000038   Code   RO         1534    i.MD_LayerNumJudge  md.o
    0x0800a2b0   0x0800a2b0   0x00000590   Code   RO         1535    i.MD_MatrixPoint_Calculate  md.o
    0x0800a840   0x0800a840   0x00000228   Code   RO         1536    i.MD_PointPostion_Calculate  md.o
    0x0800aa68   0x0800aa68   0x000004a8   Code   RO         1537    i.MD_ReadCurPoint   md.o
    0x0800af10   0x0800af10   0x000000bc   Code   RO         1538    i.MD_ReadGoodStaData  md.o
    0x0800afcc   0x0800afcc   0x00000210   Code   RO         1539    i.MD_ReadParData    md.o
    0x0800b1dc   0x0800b1dc   0x000003c4   Code   RO         1540    i.MD_SortStackCount  md.o
    0x0800b5a0   0x0800b5a0   0x00000040   Code   RO         1541    i.MD_StackCount     md.o
    0x0800b5e0   0x0800b5e0   0x000000c0   Code   RO         1542    i.MD_StackFullJudge  md.o
    0x0800b6a0   0x0800b6a0   0x0000033c   Code   RO         1543    i.MD_TrussMatrix_Calculate  md.o
    0x0800b9dc   0x0800b9dc   0x00000048   Code   RO         1544    i.MD_WriteCurRunPara  md.o
    0x0800ba24   0x0800ba24   0x00000460   Code   RO          990    i.MainLogicComEndDeal  auto_2.o
    0x0800be84   0x0800be84   0x00000118   Code   RO         1368    i.ManualAxisMaxHardLimitSta  manual.o
    0x0800bf9c   0x0800bf9c   0x00000118   Code   RO         1369    i.ManualAxisMinHardLimitSta  manual.o
    0x0800c0b4   0x0800c0b4   0x000001e8   Code   RO         1370    i.ManualJogRunnig   manual.o
    0x0800c29c   0x0800c29c   0x0000020c   Code   RO         1371    i.ManualLinkedRunning  manual.o
    0x0800c4a8   0x0800c4a8   0x00000528   Code   RO         1372    i.ManulDebug        manual.o
    0x0800c9d0   0x0800c9d0   0x00000004   Code   RO          244    i.MemManage_Handler  stm32f4xx_it.o
    0x0800c9d4   0x0800c9d4   0x000000a4   Code   RO         1236    i.MotorAlarmProcess  error.o
    0x0800ca78   0x0800ca78   0x00000002   Code   RO          245    i.NMI_Handler       stm32f4xx_it.o
    0x0800ca7a   0x0800ca7a   0x00000002   PAD
    0x0800ca7c   0x0800ca7c   0x00000078   Code   RO         2368    i.NVIC_Init         misc.o
    0x0800caf4   0x0800caf4   0x00000014   Code   RO         2369    i.NVIC_PriorityGroupConfig  misc.o
    0x0800cb08   0x0800cb08   0x00000028   Code   RO         6211    i.NVIC_SetPriority  bsp_systick.o
    0x0800cb30   0x0800cb30   0x0000037c   Code   RO         1824    i.Not_Get_Position  jdz.o
    0x0800ceac   0x0800ceac   0x00000020   Code   RO         1237    i.OAxsisError       error.o
    0x0800cecc   0x0800cecc   0x0000002c   Code   RO         1069    i.O_BackToOrigin    backtoorigin.o
    0x0800cef8   0x0800cef8   0x00000044   Code   RO         1070    i.O_X_BackToOrigin  backtoorigin.o
    0x0800cf3c   0x0800cf3c   0x00000070   Code   RO         1071    i.O_Z_X_L_BackToOrigin  backtoorigin.o
    0x0800cfac   0x0800cfac   0x00000024   Code   RO         2071    i.OneAxisSpeedInterpControl  speedcontrol.o
    0x0800cfd0   0x0800cfd0   0x0000009c   Code   RO         1433    i.OrderDecoding     signalwatch.o
    0x0800d06c   0x0800d06c   0x000000f8   Code   RO          536    i.OutputInit        out.o
    0x0800d164   0x0800d164   0x0000002c   Code   RO         5440    i.PDO_ControlWordSet  pdo.o
    0x0800d190   0x0800d190   0x00000058   Code   RO         5191    i.PDO_Mode_Change   canopen.o
    0x0800d1e8   0x0800d1e8   0x00000002   Code   RO         5441    i.PDO_ServoAccDecSet  pdo.o
    0x0800d1ea   0x0800d1ea   0x00000002   PAD
    0x0800d1ec   0x0800d1ec   0x000002c0   Code   RO         5526    i.PDO_ServoSetup    ethercat_app.o
    0x0800d4ac   0x0800d4ac   0x00000028   Code   RO          734    i.PVD_IRQHandler    motorinit.o
    0x0800d4d4   0x0800d4d4   0x0000005a   Code   RO          735    i.PVD_Init          motorinit.o
    0x0800d52e   0x0800d52e   0x00000002   PAD
    0x0800d530   0x0800d530   0x00000018   Code   RO         3927    i.PWR_GetFlagStatus  stm32f4xx_pwr.o
    0x0800d548   0x0800d548   0x0000000c   Code   RO         3933    i.PWR_PVDCmd        stm32f4xx_pwr.o
    0x0800d554   0x0800d554   0x00000018   Code   RO         3934    i.PWR_PVDLevelConfig  stm32f4xx_pwr.o
    0x0800d56c   0x0800d56c   0x000013c8   Code   RO         1900    i.ParameterOrder    parameter.o
    0x0800e934   0x0800e934   0x00000052   Code   RO         1901    i.Parameter_StringChang_Min  parameter.o
    0x0800e986   0x0800e986   0x00000002   Code   RO          246    i.PendSV_Handler    stm32f4xx_it.o
    0x0800e988   0x0800e988   0x00000080   Code   RO         1825    i.PositionSetZero   jdz.o
    0x0800ea08   0x0800ea08   0x0000015c   Code   RO         1826    i.Position_Reset    jdz.o
    0x0800eb64   0x0800eb64   0x00000020   Code   RO         2510    i.RCC_AHB1PeriphClockCmd  stm32f4xx_rcc.o
    0x0800eb84   0x0800eb84   0x00000020   Code   RO         2512    i.RCC_AHB1PeriphResetCmd  stm32f4xx_rcc.o
    0x0800eba4   0x0800eba4   0x00000020   Code   RO         2519    i.RCC_APB1PeriphClockCmd  stm32f4xx_rcc.o
    0x0800ebc4   0x0800ebc4   0x00000020   Code   RO         2521    i.RCC_APB1PeriphResetCmd  stm32f4xx_rcc.o
    0x0800ebe4   0x0800ebe4   0x00000020   Code   RO         2522    i.RCC_APB2PeriphClockCmd  stm32f4xx_rcc.o
    0x0800ec04   0x0800ec04   0x000000e8   Code   RO         2531    i.RCC_GetClocksFreq  stm32f4xx_rcc.o
    0x0800ecec   0x0800ecec   0x0000001c   Code   RO         2544    i.RCC_MCO1Config    stm32f4xx_rcc.o
    0x0800ed08   0x0800ed08   0x00000038   Code   RO          469    i.ReadEmergencyStop  in.o
    0x0800ed40   0x0800ed40   0x00000080   Code   RO         1902    i.ReadIICData       parameter.o
    0x0800edc0   0x0800edc0   0x000012a4   Code   RO         1903    i.ReadIICSysParameter  parameter.o
    0x08010064   0x08010064   0x000000e0   Code   RO         1904    i.ReadIIC_IOSet     parameter.o
    0x08010144   0x08010144   0x000000b8   Code   RO         1905    i.ReadIIC_MDParaCopy  parameter.o
    0x080101fc   0x080101fc   0x00000084   Code   RO         1906    i.ReadIIC_MD_Name   parameter.o
    0x08010280   0x08010280   0x00000084   Code   RO         1907    i.ReadIIC_MD_Para   parameter.o
    0x08010304   0x08010304   0x000000a4   Code   RO         1908    i.ReadIIC_MD_Point  parameter.o
    0x080103a8   0x080103a8   0x000000dc   Code   RO         1909    i.ReadIIC_OUTReset  parameter.o
    0x08010484   0x08010484   0x00000140   Code   RO         1910    i.ReadIIC_ParameterCopy  parameter.o
    0x080105c4   0x080105c4   0x00000090   Code   RO         1911    i.ReadIIC_Point     parameter.o
    0x08010654   0x08010654   0x00000154   Code   RO         1912    i.ReadIIC_Program   parameter.o
    0x080107a8   0x080107a8   0x00000134   Code   RO         1913    i.ReadIIC_Program_Inf  parameter.o
    0x080108dc   0x080108dc   0x00000094   Code   RO         1914    i.ReadIIC_SafeArea  parameter.o
    0x08010970   0x08010970   0x00000458   Code   RO         1915    i.ReadIIC_Setting   parameter.o
    0x08010dc8   0x08010dc8   0x000001e4   Code   RO         1916    i.ReadIIC_SoftLimit  parameter.o
    0x08010fac   0x08010fac   0x00000510   Code   RO          470    i.ReadInput         in.o
    0x080114bc   0x080114bc   0x0000004e   Code   RO          471    i.ReadInputPort     in.o
    0x0801150a   0x0801150a   0x00000002   PAD
    0x0801150c   0x0801150c   0x000000a0   Code   RO          897    i.Read_SaveProgram_IIC_Address  auto.o
    0x080115ac   0x080115ac   0x00000254   Code   RO          537    i.ResetOutput       out.o
    0x08011800   0x08011800   0x00000010   Code   RO         1072    i.RobotDisable      backtoorigin.o
    0x08011810   0x08011810   0x00000010   Code   RO         1073    i.RobotEnable       backtoorigin.o
    0x08011820   0x08011820   0x00000108   Code   RO         1074    i.RobotEnableOrigin  backtoorigin.o
    0x08011928   0x08011928   0x00000090   Code   RO         1470    i.Robot_Reset       statuscontrol.o
    0x080119b8   0x080119b8   0x0000000c   Code   RO         5488    i.SDO_Process_CycCSTMode  sdo.o
    0x080119c4   0x080119c4   0x0000000c   Code   RO         5489    i.SDO_Process_CycPosMode  sdo.o
    0x080119d0   0x080119d0   0x00000014   Code   RO         5490    i.SDO_Process_HomingMode  sdo.o
    0x080119e4   0x080119e4   0x000000c4   Code   RO          578    i.SPI3_Init         spi.o
    0x08011aa8   0x08011aa8   0x00000054   Code   RO          579    i.SPI3_ReadWriteByte  spi.o
    0x08011afc   0x08011afc   0x00000018   Code   RO         4463    i.SPI_Cmd           stm32f4xx_spi.o
    0x08011b14   0x08011b14   0x00000012   Code   RO         4471    i.SPI_I2S_GetFlagStatus  stm32f4xx_spi.o
    0x08011b26   0x08011b26   0x00000006   Code   RO         4474    i.SPI_I2S_ReceiveData  stm32f4xx_spi.o
    0x08011b2c   0x08011b2c   0x00000004   Code   RO         4475    i.SPI_I2S_SendData  stm32f4xx_spi.o
    0x08011b30   0x08011b30   0x0000003c   Code   RO         4476    i.SPI_Init          stm32f4xx_spi.o
    0x08011b6c   0x08011b6c   0x00000070   Code   RO          805    i.STMFLASH_Erase    stmflash.o
    0x08011bdc   0x08011bdc   0x000000a0   Code   RO          806    i.STMFLASH_GetFlashSector  stmflash.o
    0x08011c7c   0x08011c7c   0x00000014   Code   RO          807    i.STMFLASH_OnPowerDataDeal  stmflash.o
    0x08011c90   0x08011c90   0x00000020   Code   RO          808    i.STMFLASH_Read     stmflash.o
    0x08011cb0   0x08011cb0   0x00000144   Code   RO          809    i.STMFLASH_ReadOffPowerData  stmflash.o
    0x08011df4   0x08011df4   0x00000160   Code   RO          810    i.STMFLASH_ReadRunData  stmflash.o
    0x08011f54   0x08011f54   0x00000006   Code   RO          811    i.STMFLASH_ReadWord  stmflash.o
    0x08011f5a   0x08011f5a   0x00000002   PAD
    0x08011f5c   0x08011f5c   0x00000098   Code   RO          812    i.STMFLASH_Write    stmflash.o
    0x08011ff4   0x08011ff4   0x000000e4   Code   RO          813    i.STMFLASH_WriteOffPowerData  stmflash.o
    0x080120d8   0x080120d8   0x0000012c   Code   RO          814    i.STMFLASH_WriteRunData  stmflash.o
    0x08012204   0x08012204   0x00000052   Code   RO          815    i.STMFLASH_Write_NoErase  stmflash.o
    0x08012256   0x08012256   0x00000002   Code   RO          247    i.SVC_Handler       stm32f4xx_it.o
    0x08012258   0x08012258   0x0000000c   Code   RO         2846    i.SYSCFG_ETH_MediaInterfaceConfig  stm32f4xx_syscfg.o
    0x08012264   0x08012264   0x0000009c   Code   RO          898    i.SafeAreaJudge     auto.o
    0x08012300   0x08012300   0x0000004c   Code   RO         1238    i.Scan_TimeOut_IO   error.o
    0x0801234c   0x0801234c   0x0000001c   Code   RO         1239    i.Scan_TimeOut_OUTPUT  error.o
    0x08012368   0x08012368   0x0000002c   Code   RO         1545    i.ScaraFindFlagJ1   md.o
    0x08012394   0x08012394   0x0000002c   Code   RO         1546    i.ScaraFindFlagJ2   md.o
    0x080123c0   0x080123c0   0x0000004c   Code   RO         1547    i.ScaraFindHandcoor  md.o
    0x0801240c   0x0801240c   0x00000180   Code   RO         1548    i.ScaraForwardKinematics  md.o
    0x0801258c   0x0801258c   0x00000338   Code   RO         1549    i.ScaraInverseKinematics  md.o
    0x080128c4   0x080128c4   0x0000010c   Code   RO         2072    i.SendPulse         speedcontrol.o
    0x080129d0   0x080129d0   0x000002b4   Code   RO         1694    i.ServoAccDecSet    actionoperate.o
    0x08012c84   0x08012c84   0x000001a4   Code   RO         1695    i.ServoAccDecSet_CST  actionoperate.o
    0x08012e28   0x08012e28   0x00000022   Code   RO         5192    i.ServoAccDecSet_PDO  canopen.o
    0x08012e4a   0x08012e4a   0x00000002   PAD
    0x08012e4c   0x08012e4c   0x00000060   Code   RO         5194    i.ServoCSP_PDO      canopen.o
    0x08012eac   0x08012eac   0x00000060   Code   RO         5195    i.ServoCST_PDO      canopen.o
    0x08012f0c   0x08012f0c   0x00000034   Code   RO         5197    i.ServoDisable_PDO  canopen.o
    0x08012f40   0x08012f40   0x00000038   Code   RO         5199    i.ServoEnableSta    canopen.o
    0x08012f78   0x08012f78   0x0000000c   Code   RO         5200    i.ServoGetCanBoffSta  canopen.o
    0x08012f84   0x08012f84   0x0000007c   Code   RO         5201    i.ServoHomingControl  canopen.o
    0x08013000   0x08013000   0x00000014   Code   RO         5202    i.ServoHomingFinishSta  canopen.o
    0x08013014   0x08013014   0x00000028   Code   RO         5203    i.ServoMoveAlarmSta  canopen.o
    0x0801303c   0x0801303c   0x00000010   Code   RO         5204    i.ServoMoveCurSpeed  canopen.o
    0x0801304c   0x0801304c   0x0000004c   Code   RO         5210    i.ServoStopSet_PDO  canopen.o
    0x08013098   0x08013098   0x00000010   Code   RO         5211    i.ServoWorkModeRead  canopen.o
    0x080130a8   0x080130a8   0x00000010   Code   RO         5212    i.ServoWorkModeReset  canopen.o
    0x080130b8   0x080130b8   0x000000b8   Code   RO         1696    i.Servo_MoveFinishSta  actionoperate.o
    0x08013170   0x08013170   0x00000050   Code   RO         1471    i.Servo_Stop        statuscontrol.o
    0x080131c0   0x080131c0   0x00000254   Code   RO          538    i.SetOutput         out.o
    0x08013414   0x08013414   0x0000001e   Code   RO          899    i.SetSingle         auto.o
    0x08013432   0x08013432   0x00000002   PAD
    0x08013434   0x08013434   0x000000ec   Code   RO          312    i.SetSysClock       system_stm32f4xx.o
    0x08013520   0x08013520   0x000000bc   Code   RO         5213    i.Set_Servo_CSP_Mode  canopen.o
    0x080135dc   0x080135dc   0x000000b8   Code   RO         5214    i.Set_Servo_CST_Mode  canopen.o
    0x08013694   0x08013694   0x000000f0   Code   RO         5215    i.Set_Servo_Homing_Mode  canopen.o
    0x08013784   0x08013784   0x00000100   Code   RO         2073    i.SlowPointDeal     speedcontrol.o
    0x08013884   0x08013884   0x000002ac   Code   RO         1240    i.SoftLimitJudge    error.o
    0x08013b30   0x08013b30   0x00000274   Code   RO         2074    i.SpeedControl      speedcontrol.o
    0x08013da4   0x08013da4   0x0000055c   Code   RO         2075    i.SpeedInterpControl  speedcontrol.o
    0x08014300   0x08014300   0x0000000c   Code   RO         2076    i.SpeedPlanningReset  speedcontrol.o
    0x0801430c   0x0801430c   0x00000564   Code   RO         1472    i.StatusControl     statuscontrol.o
    0x08014870   0x08014870   0x0000014c   Code   RO         1697    i.SubActionAllowJudge  actionoperate.o
    0x080149bc   0x080149bc   0x00000680   Code   RO          991    i.SubLogicComEndDeal  auto_2.o
    0x0801503c   0x0801503c   0x000003c8   Code   RO          992    i.SubProgramActionControl  auto_2.o
    0x08015404   0x08015404   0x00001664   Code   RO         1698    i.SubProgramActionOutConfirm  actionoperate.o
    0x08016a68   0x08016a68   0x00001e30   Code   RO         1699    i.SubProgramActionOutControl  actionoperate.o
    0x08018898   0x08018898   0x000000d0   Code   RO         1700    i.SubProgramActionOutDelay  actionoperate.o
    0x08018968   0x08018968   0x00000018   Code   RO          993    i.SubProgramStepControl  auto_2.o
    0x08018980   0x08018980   0x00000028   Code   RO         1701    i.SubProgram_Key_Delay  actionoperate.o
    0x080189a8   0x080189a8   0x00000008   Code   RO          248    i.SysTick_Handler   stm32f4xx_it.o
    0x080189b0   0x080189b0   0x00000050   Code   RO         6212    i.SysTick_Init      bsp_systick.o
    0x08018a00   0x08018a00   0x00000068   Code   RO          314    i.SystemInit        system_stm32f4xx.o
    0x08018a68   0x08018a68   0x0000007c   Code   RO         5527    i.TIM3_Config       ethercat_app.o
    0x08018ae4   0x08018ae4   0x00000068   Code   RO         5528    i.TIM3_IRQHandler   ethercat_app.o
    0x08018b4c   0x08018b4c   0x00000360   Code   RO          349    i.TIM7_IRQHandler   tim6_usart1_irq.o
    0x08018eac   0x08018eac   0x00000006   Code   RO         4632    i.TIM_ClearITPendingBit  stm32f4xx_tim.o
    0x08018eb2   0x08018eb2   0x00000018   Code   RO         4637    i.TIM_Cmd           stm32f4xx_tim.o
    0x08018eca   0x08018eca   0x00000022   Code   RO         4658    i.TIM_GetITStatus   stm32f4xx_tim.o
    0x08018eec   0x08018eec   0x00000012   Code   RO         4662    i.TIM_ITConfig      stm32f4xx_tim.o
    0x08018efe   0x08018efe   0x00000012   Code   RO         4694    i.TIM_SelectOnePulseMode  stm32f4xx_tim.o
    0x08018f10   0x08018f10   0x00000084   Code   RO         4709    i.TIM_TimeBaseInit  stm32f4xx_tim.o
    0x08018f94   0x08018f94   0x00000060   Code   RO          398    i.TimeInit          delay.o
    0x08018ff4   0x08018ff4   0x00000054   Code   RO         6213    i.TimingDelay_Decrement  bsp_systick.o
    0x08019048   0x08019048   0x0000005c   Code   RO         2345    i.TorqueProcess_T   dragteach.o
    0x080190a4   0x080190a4   0x00000100   Code   RO          350    i.USART1_IRQHandler  tim6_usart1_irq.o
    0x080191a4   0x080191a4   0x000000a8   Code   RO         2206    i.USART1_SendData   usart.o
    0x0801924c   0x0801924c   0x00000144   Code   RO         2260    i.USART2_IRQHandler  extendcom.o
    0x08019390   0x08019390   0x00000088   Code   RO         2261    i.USART2_ModbusSendAnswer  extendcom.o
    0x08019418   0x08019418   0x0000009c   Code   RO         2262    i.USART2_ModbusSendData  extendcom.o
    0x080194b4   0x080194b4   0x00000012   Code   RO         2900    i.USART_ClearFlag   stm32f4xx_usart.o
    0x080194c6   0x080194c6   0x00000018   Code   RO         2904    i.USART_Cmd         stm32f4xx_usart.o
    0x080194de   0x080194de   0x00000054   Code   RO         2908    i.USART_GetITStatus  stm32f4xx_usart.o
    0x08019532   0x08019532   0x0000004a   Code   RO         2910    i.USART_ITConfig    stm32f4xx_usart.o
    0x0801957c   0x0801957c   0x000000d4   Code   RO         2911    i.USART_Init        stm32f4xx_usart.o
    0x08019650   0x08019650   0x0000000a   Code   RO         2918    i.USART_ReceiveData  stm32f4xx_usart.o
    0x0801965a   0x0801965a   0x00000004   Code   RO          249    i.UsageFault_Handler  stm32f4xx_it.o
    0x0801965e   0x0801965e   0x00000002   PAD
    0x08019660   0x08019660   0x000000e0   Code   RO         2207    i.UsartAcknowledge  usart.o
    0x08019740   0x08019740   0x00000044   Code   RO         2208    i.UsartDataDecode   usart.o
    0x08019784   0x08019784   0x00000164   Code   RO         2209    i.UsartInit         usart.o
    0x080198e8   0x080198e8   0x00000078   Code   RO          604    i.W25QXX_Check      w25qxx.o
    0x08019960   0x08019960   0x0000002c   Code   RO          605    i.W25QXX_Erase_Chip  w25qxx.o
    0x0801998c   0x0801998c   0x00000048   Code   RO          606    i.W25QXX_Erase_Sector  w25qxx.o
    0x080199d4   0x080199d4   0x00000044   Code   RO          607    i.W25QXX_Init       w25qxx.o
    0x08019a18   0x08019a18   0x0000018c   Code   RO          609    i.W25QXX_Read       w25qxx.o
    0x08019ba4   0x08019ba4   0x0000002c   Code   RO          611    i.W25QXX_ReadSR     w25qxx.o
    0x08019bd0   0x08019bd0   0x00000012   Code   RO          613    i.W25QXX_Wait_Busy  w25qxx.o
    0x08019be2   0x08019be2   0x00000002   PAD
    0x08019be4   0x08019be4   0x0000006c   Code   RO          614    i.W25QXX_Writ0_4K   w25qxx.o
    0x08019c50   0x08019c50   0x00000100   Code   RO          615    i.W25QXX_Write      w25qxx.o
    0x08019d50   0x08019d50   0x00000020   Code   RO          617    i.W25QXX_Write_Enable  w25qxx.o
    0x08019d70   0x08019d70   0x00000046   Code   RO          618    i.W25QXX_Write_NoCheck  w25qxx.o
    0x08019db6   0x08019db6   0x00000002   PAD
    0x08019db8   0x08019db8   0x00000054   Code   RO          619    i.W25QXX_Write_Page  w25qxx.o
    0x08019e0c   0x08019e0c   0x0000079c   Code   RO         1434    i.WatchCommand      signalwatch.o
    0x0801a5a8   0x0801a5a8   0x0000013c   Code   RO         1435    i.WatchFunction     signalwatch.o
    0x0801a6e4   0x0801a6e4   0x000000c8   Code   RO         1473    i.WorkMode          statuscontrol.o
    0x0801a7ac   0x0801a7ac   0x00000064   Code   RO         1917    i.Write_MDPara_Copy_IIC  parameter.o
    0x0801a810   0x0801a810   0x00000090   Code   RO         1918    i.Write_System_Set_IIC  parameter.o
    0x0801a8a0   0x0801a8a0   0x00000020   Code   RO         1241    i.XAxsisError       error.o
    0x0801a8c0   0x0801a8c0   0x0000002c   Code   RO         1075    i.X_BackToOrigin    backtoorigin.o
    0x0801a8ec   0x0801a8ec   0x00000044   Code   RO         1076    i.X_Y_BackToOrigin  backtoorigin.o
    0x0801a930   0x0801a930   0x00000044   Code   RO         1077    i.X_Z_BackToOrigin  backtoorigin.o
    0x0801a974   0x0801a974   0x00000020   Code   RO         1242    i.YAxsisError       error.o
    0x0801a994   0x0801a994   0x0000002c   Code   RO         1078    i.Y_BackToOrigin    backtoorigin.o
    0x0801a9c0   0x0801a9c0   0x00000044   Code   RO         1079    i.Y_X_BackToOrigin  backtoorigin.o
    0x0801aa04   0x0801aa04   0x00000020   Code   RO         1243    i.ZAxsisError       error.o
    0x0801aa24   0x0801aa24   0x0000002c   Code   RO         1080    i.Z_BackToOrigin    backtoorigin.o
    0x0801aa50   0x0801aa50   0x00000058   Code   RO         1081    i.Z_L_X_BackToOrigin  backtoorigin.o
    0x0801aaa8   0x0801aaa8   0x00000070   Code   RO         1082    i.Z_L_X_O_BackToOrigin  backtoorigin.o
    0x0801ab18   0x0801ab18   0x00000070   Code   RO         1083    i.Z_O_X_L_BackToOrigin  backtoorigin.o
    0x0801ab88   0x0801ab88   0x00000044   Code   RO         1084    i.Z_X_BackToOrigin  backtoorigin.o
    0x0801abcc   0x0801abcc   0x00000058   Code   RO         1085    i.Z_X_L_BackToOrigin  backtoorigin.o
    0x0801ac24   0x0801ac24   0x00000070   Code   RO         1086    i.Z_X_L_O_BackToOrigin  backtoorigin.o
    0x0801ac94   0x0801ac94   0x00000030   Code   RO         7963    i.__ARM_fpclassify  m_wm.l(fpclassify.o)
    0x0801acc4   0x0801acc4   0x00000004   PAD
    0x0801acc8   0x0801acc8   0x000002d8   Code   RO         7884    i.__hardfp_atan     m_wm.l(atan.o)
    0x0801afa0   0x0801afa0   0x00000200   Code   RO         7816    i.__hardfp_atan2    m_wm.l(atan2.o)
    0x0801b1a0   0x0801b1a0   0x000000c8   Code   RO         7828    i.__hardfp_cos      m_wm.l(cos.o)
    0x0801b268   0x0801b268   0x000000c8   Code   RO         7840    i.__hardfp_sin      m_wm.l(sin.o)
    0x0801b330   0x0801b330   0x0000007a   Code   RO         7852    i.__hardfp_sqrt     m_wm.l(sqrt.o)
    0x0801b3aa   0x0801b3aa   0x00000006   PAD
    0x0801b3b0   0x0801b3b0   0x00000438   Code   RO         7922    i.__ieee754_rem_pio2  m_wm.l(rred.o)
    0x0801b7e8   0x0801b7e8   0x00000170   Code   RO         7898    i.__kernel_cos      m_wm.l(cos_i.o)
    0x0801b958   0x0801b958   0x000000f8   Code   RO         7965    i.__kernel_poly     m_wm.l(poly.o)
    0x0801ba50   0x0801ba50   0x00000130   Code   RO         7927    i.__kernel_sin      m_wm.l(sin_i.o)
    0x0801bb80   0x0801bb80   0x00000014   Code   RO         7902    i.__mathlib_dbl_infnan  m_wm.l(dunder.o)
    0x0801bb94   0x0801bb94   0x00000014   Code   RO         7903    i.__mathlib_dbl_infnan2  m_wm.l(dunder.o)
    0x0801bba8   0x0801bba8   0x00000020   Code   RO         7904    i.__mathlib_dbl_invalid  m_wm.l(dunder.o)
    0x0801bbc8   0x0801bbc8   0x00000020   Code   RO         7907    i.__mathlib_dbl_underflow  m_wm.l(dunder.o)
    0x0801bbe8   0x0801bbe8   0x00000010   Code   RO         7886    i.atan              m_wm.l(atan.o)
    0x0801bbf8   0x0801bbf8   0x00000014   Code   RO         7700    i.cycle_queue_create  cycle_queue.o
    0x0801bc0c   0x0801bc0c   0x0000000c   Code   RO         7702    i.cycle_queue_element_count  cycle_queue.o
    0x0801bc18   0x0801bc18   0x00000048   Code   RO         7706    i.cycle_queue_peek  cycle_queue.o
    0x0801bc60   0x0801bc60   0x00000012   Code   RO         7707    i.cycle_queue_pop   cycle_queue.o
    0x0801bc72   0x0801bc72   0x00000056   Code   RO         7709    i.cycle_queue_push_empty  cycle_queue.o
    0x0801bcc8   0x0801bcc8   0x0000001a   Code   RO          400    i.delay_ms          delay.o
    0x0801bce2   0x0801bce2   0x00000014   Code   RO          401    i.delay_us          delay.o
    0x0801bcf6   0x0801bcf6   0x00000002   PAD
    0x0801bcf8   0x0801bcf8   0x00000030   Code   RO         6524    i.ec_SDOread        ethercatcoe.o
    0x0801bd28   0x0801bd28   0x00000030   Code   RO         6525    i.ec_SDOwrite       ethercatcoe.o
    0x0801bd58   0x0801bd58   0x00000010   Code   RO         6901    i.ec_clearmbx       ethercatmain.o
    0x0801bd68   0x0801bd68   0x00000010   Code   RO         6902    i.ec_close          ethercatmain.o
    0x0801bd78   0x0801bd78   0x00000014   Code   RO         6698    i.ec_config_init    ethercatconfig.o
    0x0801bd8c   0x0801bd8c   0x0000000e   Code   RO         6699    i.ec_config_map     ethercatconfig.o
    0x0801bd9a   0x0801bd9a   0x00000002   PAD
    0x0801bd9c   0x0801bd9c   0x00000018   Code   RO         6700    i.ec_config_map_group  ethercatconfig.o
    0x0801bdb4   0x0801bdb4   0x00000010   Code   RO         6786    i.ec_configdc       ethercatdc.o
    0x0801bdc4   0x0801bdc4   0x00000024   Code   RO         6787    i.ec_dcsync0        ethercatdc.o
    0x0801bde8   0x0801bde8   0x00000050   Code   RO         6701    i.ec_findconfig     ethercatconfig.o
    0x0801be38   0x0801be38   0x00000014   Code   RO         6910    i.ec_init           ethercatmain.o
    0x0801be4c   0x0801be4c   0x0000000c   Code   RO         6918    i.ec_nextmbxcnt     ethercatmain.o
    0x0801be58   0x0801be58   0x00000010   Code   RO         7485    i.ec_pdo_outframe   nicdrv.o
    0x0801be68   0x0801be68   0x00000010   Code   RO         6927    i.ec_readstate      ethercatmain.o
    0x0801be78   0x0801be78   0x0000000e   Code   RO         6928    i.ec_receive_processdata  ethercatmain.o
    0x0801be86   0x0801be86   0x00000002   PAD
    0x0801be88   0x0801be88   0x00000018   Code   RO         6929    i.ec_receive_processdata_group  ethercatmain.o
    0x0801bea0   0x0801bea0   0x0000000a   Code   RO         6930    i.ec_send_processdata  ethercatmain.o
    0x0801beaa   0x0801beaa   0x00000002   PAD
    0x0801beac   0x0801beac   0x00000014   Code   RO         6931    i.ec_send_processdata_group  ethercatmain.o
    0x0801bec0   0x0801bec0   0x00000018   Code   RO         7486    i.ec_set_pdo_queue  nicdrv.o
    0x0801bed8   0x0801bed8   0x00000054   Code   RO         7488    i.ec_setupheader    nicdrv.o
    0x0801bf2c   0x0801bf2c   0x0000001c   Code   RO         6939    i.ec_statecheck     ethercatmain.o
    0x0801bf48   0x0801bf48   0x00000014   Code   RO         6943    i.ec_writestate     ethercatmain.o
    0x0801bf5c   0x0801bf5c   0x00000078   Code   RO         6307    i.ecx_APRD          ethercatbase.o
    0x0801bfd4   0x0801bfd4   0x00000026   Code   RO         6308    i.ecx_APRDw         ethercatbase.o
    0x0801bffa   0x0801bffa   0x00000054   Code   RO         6309    i.ecx_APWR          ethercatbase.o
    0x0801c04e   0x0801c04e   0x00000022   Code   RO         6310    i.ecx_APWRw         ethercatbase.o
    0x0801c070   0x0801c070   0x00000078   Code   RO         6312    i.ecx_BRD           ethercatbase.o
    0x0801c0e8   0x0801c0e8   0x00000054   Code   RO         6313    i.ecx_BWR           ethercatbase.o
    0x0801c13c   0x0801c13c   0x00000078   Code   RO         6314    i.ecx_FPRD          ethercatbase.o
    0x0801c1b4   0x0801c1b4   0x00000026   Code   RO         6315    i.ecx_FPRDw         ethercatbase.o
    0x0801c1da   0x0801c1da   0x00000054   Code   RO         6316    i.ecx_FPWR          ethercatbase.o
    0x0801c22e   0x0801c22e   0x00000022   Code   RO         6317    i.ecx_FPWRw         ethercatbase.o
    0x0801c250   0x0801c250   0x0000003c   Code   RO         6536    i.ecx_SDOerror      ethercatcoe.o
    0x0801c28c   0x0801c28c   0x0000034c   Code   RO         6538    i.ecx_SDOread       ethercatcoe.o
    0x0801c5d8   0x0801c5d8   0x000003e4   Code   RO         6539    i.ecx_SDOwrite      ethercatcoe.o
    0x0801c9bc   0x0801c9bc   0x00000036   Code   RO         7427    i.ecx_SoEerror      ethercatsoe.o
    0x0801c9f2   0x0801c9f2   0x00000214   Code   RO         7428    i.ecx_SoEread       ethercatsoe.o
    0x0801cc06   0x0801cc06   0x0000008e   Code   RO         6323    i.ecx_adddatagram   ethercatbase.o
    0x0801cc94   0x0801cc94   0x0000000c   Code   RO         6944    i.ecx_close         ethercatmain.o
    0x0801cca0   0x0801cca0   0x00000006   Code   RO         7492    i.ecx_closenic      nicdrv.o
    0x0801cca6   0x0801cca6   0x00000002   PAD
    0x0801cca8   0x0801cca8   0x00001134   Code   RO         6704    i.ecx_config_init   ethercatconfig.o
    0x0801dddc   0x0801dddc   0x00000f4c   Code   RO         6705    i.ecx_config_map_group  ethercatconfig.o
    0x0801ed28   0x0801ed28   0x00000552   Code   RO         6789    i.ecx_configdc      ethercatdc.o
    0x0801f27a   0x0801f27a   0x00000002   PAD
    0x0801f27c   0x0801f27c   0x0000014c   Code   RO         6790    i.ecx_dcsync0       ethercatdc.o
    0x0801f3c8   0x0801f3c8   0x0000009c   Code   RO         6945    i.ecx_eeprom2master  ethercatmain.o
    0x0801f464   0x0801f464   0x0000006e   Code   RO         6946    i.ecx_eeprom2pdi    ethercatmain.o
    0x0801f4d2   0x0801f4d2   0x00000076   Code   RO         6948    i.ecx_eeprom_waitnotbusyFP  ethercatmain.o
    0x0801f548   0x0801f548   0x00000056   Code   RO         7493    i.ecx_getindex      nicdrv.o
    0x0801f59e   0x0801f59e   0x0000011a   Code   RO         7494    i.ecx_inframe       nicdrv.o
    0x0801f6b8   0x0801f6b8   0x00000012   Code   RO         6950    i.ecx_init          ethercatmain.o
    0x0801f6ca   0x0801f6ca   0x0000004e   Code   RO         6953    i.ecx_mbxemergencyerror  ethercatmain.o
    0x0801f718   0x0801f718   0x0000008a   Code   RO         6954    i.ecx_mbxempty      ethercatmain.o
    0x0801f7a2   0x0801f7a2   0x0000002e   Code   RO         6955    i.ecx_mbxerror      ethercatmain.o
    0x0801f7d0   0x0801f7d0   0x0000021c   Code   RO         6956    i.ecx_mbxreceive    ethercatmain.o
    0x0801f9ec   0x0801f9ec   0x0000006e   Code   RO         6957    i.ecx_mbxsend       ethercatmain.o
    0x0801fa5a   0x0801fa5a   0x00000002   PAD
    0x0801fa5c   0x0801fa5c   0x000000a0   Code   RO         7495    i.ecx_outframe      nicdrv.o
    0x0801fafc   0x0801fafc   0x00000094   Code   RO         7496    i.ecx_outframe_red  nicdrv.o
    0x0801fb90   0x0801fb90   0x0000003c   Code   RO         6958    i.ecx_packeterror   ethercatmain.o
    0x0801fbcc   0x0801fbcc   0x0000005c   Code   RO         6792    i.ecx_parentport    ethercatdc.o
    0x0801fc28   0x0801fc28   0x0000003c   Code   RO         7497    i.ecx_pdo_outframe  nicdrv.o
    0x0801fc64   0x0801fc64   0x0000005c   Code   RO         6793    i.ecx_porttime      ethercatdc.o
    0x0801fcc0   0x0801fcc0   0x000000a2   Code   RO         6794    i.ecx_prevport      ethercatdc.o
    0x0801fd62   0x0801fd62   0x00000022   Code   RO         6960    i.ecx_pullindex     ethercatmain.o
    0x0801fd84   0x0801fd84   0x00000086   Code   RO         6961    i.ecx_pusherror     ethercatmain.o
    0x0801fe0a   0x0801fe0a   0x00000038   Code   RO         6962    i.ecx_pushindex     ethercatmain.o
    0x0801fe42   0x0801fe42   0x00000002   PAD
    0x0801fe44   0x0801fe44   0x00000164   Code   RO         7430    i.ecx_readIDNmap    ethercatsoe.o
    0x0801ffa8   0x0801ffa8   0x0000010c   Code   RO         6545    i.ecx_readPDOassign  ethercatcoe.o
    0x080200b4   0x080200b4   0x000000bc   Code   RO         6546    i.ecx_readPDOassignCA  ethercatcoe.o
    0x08020170   0x08020170   0x000001a8   Code   RO         6547    i.ecx_readPDOmap    ethercatcoe.o
    0x08020318   0x08020318   0x00000150   Code   RO         6548    i.ecx_readPDOmapCA  ethercatcoe.o
    0x08020468   0x08020468   0x00000032   Code   RO         6963    i.ecx_readeeprom    ethercatmain.o
    0x0802049a   0x0802049a   0x000000a0   Code   RO         6964    i.ecx_readeeprom1   ethercatmain.o
    0x0802053a   0x0802053a   0x00000062   Code   RO         6965    i.ecx_readeeprom2   ethercatmain.o
    0x0802059c   0x0802059c   0x00000144   Code   RO         6967    i.ecx_readeepromFP  ethercatmain.o
    0x080206e0   0x080206e0   0x00000092   Code   RO         6968    i.ecx_readstate     ethercatmain.o
    0x08020772   0x08020772   0x00000196   Code   RO         6970    i.ecx_receive_processdata_group  ethercatmain.o
    0x08020908   0x08020908   0x000000ac   Code   RO         7498    i.ecx_recvpkt       nicdrv.o
    0x080209b4   0x080209b4   0x000004f4   Code   RO         6972    i.ecx_send_processdata_group  ethercatmain.o
    0x08020ea8   0x08020ea8   0x00000024   Code   RO         7499    i.ecx_set_pdo_queue  nicdrv.o
    0x08020ecc   0x08020ecc   0x00000020   Code   RO         7500    i.ecx_setbufstat    nicdrv.o
    0x08020eec   0x08020eec   0x00000082   Code   RO         6324    i.ecx_setupdatagram  ethercatbase.o
    0x08020f6e   0x08020f6e   0x00000130   Code   RO         7501    i.ecx_setupnic      nicdrv.o
    0x0802109e   0x0802109e   0x000000c0   Code   RO         6973    i.ecx_siiFMMU       ethercatmain.o
    0x0802115e   0x0802115e   0x000001d8   Code   RO         6974    i.ecx_siiPDO        ethercatmain.o
    0x08021336   0x08021336   0x00000104   Code   RO         6975    i.ecx_siiSM         ethercatmain.o
    0x0802143a   0x0802143a   0x000000d4   Code   RO         6976    i.ecx_siiSMnext     ethercatmain.o
    0x0802150e   0x0802150e   0x000000ba   Code   RO         6977    i.ecx_siifind       ethercatmain.o
    0x080215c8   0x080215c8   0x000000fc   Code   RO         6978    i.ecx_siigetbyte    ethercatmain.o
    0x080216c4   0x080216c4   0x000000d2   Code   RO         6979    i.ecx_siistring     ethercatmain.o
    0x08021796   0x08021796   0x0000006a   Code   RO         7502    i.ecx_srconfirm     nicdrv.o
    0x08021800   0x08021800   0x000000ca   Code   RO         6980    i.ecx_statecheck    ethercatmain.o
    0x080218ca   0x080218ca   0x00000032   Code   RO         7503    i.ecx_waitinframe   nicdrv.o
    0x080218fc   0x080218fc   0x000001a8   Code   RO         7504    i.ecx_waitinframe_red  nicdrv.o
    0x08021aa4   0x08021aa4   0x0000005a   Code   RO         6984    i.ecx_writestate    ethercatmain.o
    0x08021afe   0x08021afe   0x00000002   PAD
    0x08021b00   0x08021b00   0x00000050   Code   RO         6185    i.ethernetif_init   netconf.o
    0x08021b50   0x08021b50   0x00000018   Code   RO         7917    i.fabs              m_wm.l(fabs.o)
    0x08021b68   0x08021b68   0x00000094   Code   RO         2077    i.g_AxisActionNextPosRead  speedcontrol.o
    0x08021bfc   0x08021bfc   0x00000016   Code   RO         2078    i.g_InterpAxisPulseBufAdd  speedcontrol.o
    0x08021c12   0x08021c12   0x00000002   PAD
    0x08021c14   0x08021c14   0x000000e8   Code   RO         2081    i.g_InterpAxisPulseBufWrite  speedcontrol.o
    0x08021cfc   0x08021cfc   0x0000002c   Code   RO         2082    i.g_InterpGetAxisPulseBufNum  speedcontrol.o
    0x08021d28   0x08021d28   0x00000016   Code   RO         2083    i.g_InterpGetAxisPulseBufSize  speedcontrol.o
    0x08021d3e   0x08021d3e   0x00000002   PAD
    0x08021d40   0x08021d40   0x000000cc   Code   RO         2084    i.g_InterpOneAxisPulseBufWrite  speedcontrol.o
    0x08021e0c   0x08021e0c   0x0000000c   Code   RO         7505    i.lwip_htons        nicdrv.o
    0x08021e18   0x08021e18   0x0000000c   Code   RO         7506    i.lwip_ntohs        nicdrv.o
    0x08021e24   0x08021e24   0x000000e4   Code   RO            3    i.main              main.o
    0x08021f08   0x08021f08   0x0000003c   Code   RO         5619    i.mcoinit           lan8742a.o
    0x08021f44   0x08021f44   0x00000014   Code   RO         6214    i.osal_getSysTime   bsp_systick.o
    0x08021f58   0x08021f58   0x00000046   Code   RO         6216    i.osal_timer_is_expired  bsp_systick.o
    0x08021f9e   0x08021f9e   0x00000002   PAD
    0x08021fa0   0x08021fa0   0x0000005c   Code   RO         6217    i.osal_timer_start  bsp_systick.o
    0x08021ffc   0x08021ffc   0x0000000e   Code   RO         6218    i.osal_usleep       bsp_systick.o
    0x0802200a   0x0802200a   0x00000018   Code   RO         7788    x$fpl$basic         fz_wm.l(basic.o)
    0x08022022   0x08022022   0x00000002   PAD
    0x08022024   0x08022024   0x00000062   Code   RO         7790    x$fpl$d2f           fz_wm.l(d2f.o)
    0x08022086   0x08022086   0x00000002   PAD
    0x08022088   0x08022088   0x00000150   Code   RO         7792    x$fpl$dadd          fz_wm.l(daddsub_clz.o)
    0x080221d8   0x080221d8   0x00000018   Code   RO         7957    x$fpl$dcmpinf       fz_wm.l(dcmpi.o)
    0x080221f0   0x080221f0   0x000002b0   Code   RO         7799    x$fpl$ddiv          fz_wm.l(ddiv.o)
    0x080224a0   0x080224a0   0x00000078   Code   RO         7869    x$fpl$deqf          fz_wm.l(deqf.o)
    0x08022518   0x08022518   0x0000005e   Code   RO         7959    x$fpl$dfix          fz_wm.l(dfix.o)
    0x08022576   0x08022576   0x0000002e   Code   RO         7807    x$fpl$dflt          fz_wm.l(dflt_clz.o)
    0x080225a4   0x080225a4   0x00000026   Code   RO         7806    x$fpl$dfltu         fz_wm.l(dflt_clz.o)
    0x080225ca   0x080225ca   0x00000002   PAD
    0x080225cc   0x080225cc   0x00000154   Code   RO         7812    x$fpl$dmul          fz_wm.l(dmul.o)
    0x08022720   0x08022720   0x0000009c   Code   RO         7873    x$fpl$dnaninf       fz_wm.l(dnaninf.o)
    0x080227bc   0x080227bc   0x0000000c   Code   RO         7875    x$fpl$dretinf       fz_wm.l(dretinf.o)
    0x080227c8   0x080227c8   0x00000016   Code   RO         7793    x$fpl$drsb          fz_wm.l(daddsub_clz.o)
    0x080227de   0x080227de   0x00000002   PAD
    0x080227e0   0x080227e0   0x00000198   Code   RO         7877    x$fpl$dsqrt         fz_wm.l(dsqrt_umaal.o)
    0x08022978   0x08022978   0x000001d4   Code   RO         7794    x$fpl$dsub          fz_wm.l(daddsub_clz.o)
    0x08022b4c   0x08022b4c   0x00000056   Code   RO         7814    x$fpl$f2d           fz_wm.l(f2d.o)
    0x08022ba2   0x08022ba2   0x0000008c   Code   RO         7879    x$fpl$fnaninf       fz_wm.l(fnaninf.o)
    0x08022c2e   0x08022c2e   0x0000000a   Code   RO         8048    x$fpl$fpinit        fz_wm.l(fpinit.o)
    0x08022c38   0x08022c38   0x0000000a   Code   RO         7881    x$fpl$fretinf       fz_wm.l(fretinf.o)
    0x08022c42   0x08022c42   0x00000000   Code   RO         7883    x$fpl$usenofp       fz_wm.l(usenofp.o)
    0x08022c42   0x08022c42   0x00000002   PAD
    0x08022c44   0x08022c44   0x000000f0   Data   RO         6708    .constdata          ethercatconfig.o
    0x08022d34   0x08022d34   0x0000000c   Data   RO         7507    .constdata          nicdrv.o
    0x08022d40   0x08022d40   0x00000098   Data   RO         7887    .constdata          m_wm.l(atan.o)
    0x08022dd8   0x08022dd8   0x00000030   Data   RO         7899    .constdata          m_wm.l(cos_i.o)
    0x08022e08   0x08022e08   0x00000008   Data   RO         7921    .constdata          m_wm.l(qnan.o)
    0x08022e10   0x08022e10   0x000000c8   Data   RO         7924    .constdata          m_wm.l(rred.o)
    0x08022ed8   0x08022ed8   0x00000028   Data   RO         7928    .constdata          m_wm.l(sin_i.o)
    0x08022f00   0x08022f00   0x00000020   Data   RO         8112    Region$$Table       anon$$obj.o


    Execution Region RW_IRAM1 (Exec base: 0x20000000, Load base: 0x08022f20, Size: 0x00015470, Max: 0x00020000, ABSOLUTE, COMPRESSED[0x00000130])

    Exec Addr    Load Addr    Size         Type   Attr      Idx    E Section Name        Object

    0x20000000   COMPRESSED   0x00000014   Data   RW          315    .data               system_stm32f4xx.o
    0x20000014   COMPRESSED   0x00000008   Data   RW          472    .data               in.o
    0x2000001c   COMPRESSED   0x00000008   Data   RW          539    .data               out.o
    0x20000024   COMPRESSED   0x00000003   Data   RW          816    .data               stmflash.o
    0x20000027   COMPRESSED   0x00000001   PAD
    0x20000028   COMPRESSED   0x00000018   Data   RW          900    .data               auto.o
    0x20000040   COMPRESSED   0x0000006e   Data   RW          995    .data               auto_2.o
    0x200000ae   COMPRESSED   0x00000010   Data   RW         1087    .data               backtoorigin.o
    0x200000be   COMPRESSED   0x00000002   PAD
    0x200000c0   COMPRESSED   0x00000013   Data   RW         1245    .data               error.o
    0x200000d3   COMPRESSED   0x00000001   PAD
    0x200000d4   COMPRESSED   0x0000002a   Data   RW         1373    .data               manual.o
    0x200000fe   COMPRESSED   0x00000002   PAD
    0x20000100   COMPRESSED   0x00000037   Data   RW         1474    .data               statuscontrol.o
    0x20000137   COMPRESSED   0x00000001   PAD
    0x20000138   COMPRESSED   0x00000060   Data   RW         1703    .data               actionoperate.o
    0x20000198   COMPRESSED   0x00000018   Data   RW         1828    .data               jdz.o
    0x200001b0   COMPRESSED   0x000002f4   Data   RW         1920    .data               parameter.o
    0x200004a4   COMPRESSED   0x00000039   Data   RW         2086    .data               speedcontrol.o
    0x200004dd   COMPRESSED   0x0000000c   Data   RW         2211    .data               usart.o
    0x200004e9   COMPRESSED   0x00000001   PAD
    0x200004ea   COMPRESSED   0x0000000c   Data   RW         2264    .data               extendcom.o
    0x200004f6   COMPRESSED   0x00000010   Data   RW         2563    .data               stm32f4xx_rcc.o
    0x20000506   COMPRESSED   0x0000001b   Data   RW         5217    .data               canopen.o
    0x20000521   COMPRESSED   0x0000000c   Data   RW         5444    .data               pdo.o
    0x2000052d   COMPRESSED   0x00000003   PAD
    0x20000530   COMPRESSED   0x00000021   Data   RW         5530    .data               ethercat_app.o
    0x20000551   COMPRESSED   0x00000003   PAD
    0x20000554   COMPRESSED   0x00000006   Data   RW         5621    .data               lan8742a.o
    0x2000055a   COMPRESSED   0x00000002   PAD
    0x2000055c   COMPRESSED   0x00000010   Data   RW         5750    .data               stm32f429_eth.o
    0x2000056c   COMPRESSED   0x00000010   Data   RW         6219    .data               bsp_systick.o
    0x2000057c   COMPRESSED   0x00000004   PAD
    0x20000580   COMPRESSED   0x00000068   Data   RW         6986    .data               ethercatmain.o
    0x200005e8        -       0x00001000   Zero   RW          621    .bss                w25qxx.o
    0x200015e8        -       0x00000c5c   Zero   RW          994    .bss                auto_2.o
    0x20002244        -       0x00000268   Zero   RW         1244    .bss                error.o
    0x200024ac        -       0x00000032   Zero   RW         1436    .bss                signalwatch.o
    0x200024de   COMPRESSED   0x00000002   PAD
    0x200024e0        -       0x0000019c   Zero   RW         1702    .bss                actionoperate.o
    0x2000267c        -       0x00000090   Zero   RW         1827    .bss                jdz.o
    0x2000270c        -       0x000093f8   Zero   RW         1919    .bss                parameter.o
    0x2000bb04        -       0x000001b0   Zero   RW         2085    .bss                speedcontrol.o
    0x2000bcb4        -       0x00000168   Zero   RW         2210    .bss                usart.o
    0x2000be1c        -       0x00000064   Zero   RW         2263    .bss                extendcom.o
    0x2000be80        -       0x0000002c   Zero   RW         5216    .bss                canopen.o
    0x2000beac        -       0x00000060   Zero   RW         5443    .bss                pdo.o
    0x2000bf0c        -       0x000004c4   Zero   RW         5529    .bss                ethercat_app.o
    0x2000c3d0        -       0x000000bc   Zero   RW         5620    .bss                lan8742a.o
    0x2000c48c        -       0x0000181c   Zero   RW         5749    .bss                stm32f429_eth.o
    0x2000dca8        -       0x00007168   Zero   RW         6985    .bss                ethercatmain.o
    0x20014e10        -       0x00000060   Zero   RW         7968    .bss                c_w.l(libspace.o)
    0x20014e70        -       0x00000200   Zero   RW          390    HEAP                startup_stm32f40_41xxx.o
    0x20015070        -       0x00000400   Zero   RW          389    STACK               startup_stm32f40_41xxx.o


==============================================================================

Image component sizes


      Code (inc. data)   RO Data    RW Data    ZI Data      Debug   Object Name

     28322       2100          0         96        412      29243   actionoperate.o
      1262        344          0         24          0       4745   auto.o
      5892        676          0        110       3164      14815   auto_2.o
      2796        442          0         16          0      17775   backtoorigin.o
       464         50          0         16          0      33935   bsp_systick.o
      1640        192          0         27         44      31711   canopen.o
       208          0          0          0          0       4431   cycle_queue.o
       142          6          0          0          0     241965   delay.o
        92          4          0          0          0        726   dragteach.o
      2932        294          0         19        616      13941   error.o
      3328        296          0         33       1220      45091   ethercat_app.o
      1028          0          0          0          0      11690   ethercatbase.o
      3212         34          0          0          0      11853   ethercatcoe.o
      8458         48        240          0          0      11764   ethercatconfig.o
      2092         16          0          0          0       7140   ethercatdc.o
      6334         42          0        104      29032      43431   ethercatmain.o
       942          4          0          0          0       4266   ethercatsoe.o
      4072        218          0         12        100      10932   extendcom.o
      1574         84          0          8          0      10407   in.o
      2118        152          0         24        144       9113   jdz.o
       604         38          0          6        188       4149   lan8742a.o
       228         30          0          0          0     298367   main.o
      3896        314          0         42          0       8777   manual.o
      9812        312          0          0          0      23960   md.o
       140         24          0          0          0       1767   misc.o
       130          4          0          0          0       1256   motorinit.o
        80         16          0          0          0        670   netconf.o
      2014         56         12          0          0      16554   nicdrv.o
      1440        106          0          8          0       3236   out.o
     17978       1024          0        756      37880      30353   parameter.o
       114         16          0         12         96       3304   pdo.o
        44          0          0          0          0       1979   sdo.o
      2420        248          0          0         50       3887   signalwatch.o
      4188        450          0         57        432      16073   speedcontrol.o
       280         14          0          0          0       1485   spi.o
        64         26        392          0       1536        904   startup_stm32f40_41xxx.o
      3392        364          0         55          0       8054   statuscontrol.o
      2272        164          0         16       6172      16679   stm32f429_eth.o
       240          0          0          0          0       1706   stm32f4xx_can.o
       160         12          0          0          0       1729   stm32f4xx_exti.o
       426         40          0          0          0       5132   stm32f4xx_flash.o
       240          0          0          0          0       3991   stm32f4xx_gpio.o
        32          0          0          0          0       4806   stm32f4xx_it.o
        60         16          0          0          0       1918   stm32f4xx_pwr.o
       420         52          0         16          0       7122   stm32f4xx_rcc.o
       112          0          0          0          0       3966   stm32f4xx_spi.o
        12          6          0          0          0        658   stm32f4xx_syscfg.o
       232         28          0          0          0       4799   stm32f4xx_tim.o
       422          8          0          0          0       5388   stm32f4xx_usart.o
      1768        244          0          3          0       9954   stmflash.o
       340         32          0         20          0       2073   system_stm32f4xx.o
      1120        202          0          0          0       1810   tim6_usart1_irq.o
       816         54          0         12        360       4304   usart.o
      1312        100          0          0       4096       9682   w25qxx.o

    ----------------------------------------------------------------------
    133774       9002        676       1512      85544    1069466   Object Totals
         0          0         32          0          0          0   (incl. Generated)
        58          0          0         20          2          0   (incl. Padding)

    ----------------------------------------------------------------------

      Code (inc. data)   RO Data    RW Data    ZI Data      Debug   Library Member Name

        90          0          0          0          0          0   __dczerorl2.o
         8          0          0          0          0         68   __main.o
         0          0          0          0          0          0   __rtentry.o
        12          0          0          0          0          0   __rtentry2.o
         6          0          0          0          0          0   __rtentry4.o
        52          8          0          0          0          0   __scatter.o
        28          0          0          0          0          0   __scatter_zi.o
        22          0          0          0          0        100   _rserrno.o
        18          0          0          0          0         80   exit.o
         6          0          0          0          0        152   heapauxi.o
         0          0          0          0          0          0   indicate_semi.o
         2          0          0          0          0          0   libinit.o
         6          0          0          0          0          0   libinit2.o
         2          0          0          0          0          0   libshutdown.o
         2          0          0          0          0          0   libshutdown2.o
         8          4          0          0         96         68   libspace.o
        72          0          0          0          0         76   llsdiv.o
       238          0          0          0          0        100   lludivv7m.o
         8          4          0          0          0         68   rt_errno_addr_intlibspace.o
        68          0          0          0          0         68   rt_memclr.o
        78          0          0          0          0         80   rt_memclr_w.o
       138          0          0          0          0         68   rt_memcpy_v6.o
       100          0          0          0          0         80   rt_memcpy_w.o
         2          0          0          0          0          0   rtexit.o
        10          0          0          0          0          0   rtexit2.o
        72          0          0          0          0         80   strcpy.o
        12          4          0          0          0         68   sys_exit.o
        74          0          0          0          0         80   sys_stackheap_outer.o
         2          0          0          0          0         68   use_no_semi.o
        24          0          0          0          0        164   basic.o
        98          4          0          0          0        140   d2f.o
       826         16          0          0          0        492   daddsub_clz.o
        24          0          0          0          0        116   dcmpi.o
       688        140          0          0          0        256   ddiv.o
       120          4          0          0          0        140   deqf.o
        94          4          0          0          0        140   dfix.o
        84          0          0          0          0        232   dflt_clz.o
       340         12          0          0          0        152   dmul.o
       156          4          0          0          0        140   dnaninf.o
        12          0          0          0          0        116   dretinf.o
       408         56          0          0          0        168   dsqrt_umaal.o
        86          4          0          0          0        132   f2d.o
       140          4          0          0          0        132   fnaninf.o
        10          0          0          0          0        116   fpinit.o
        10          0          0          0          0        116   fretinf.o
         0          0          0          0          0          0   usenofp.o
       744        106        152          0          0        352   atan.o
       512         64          0          0          0        208   atan2.o
       200         20          0          0          0        164   cos.o
       368         46         48          0          0        200   cos_i.o
       104         16          0          0          0        496   dunder.o
        24          0          0          0          0        124   fabs.o
        48          0          0          0          0        124   fpclassify.o
       248          0          0          0          0        152   poly.o
         0          0          8          0          0          0   qnan.o
      1080        142        200          0          0        188   rred.o
       200         20          0          0          0        164   sin.o
       304         24         40          0          0        208   sin_i.o
       122          0          0          0          0        148   sqrt.o

    ----------------------------------------------------------------------
      8238        706        448          0         96       6584   Library Totals
        28          0          0          0          0          0   (incl. Padding)

    ----------------------------------------------------------------------

      Code (inc. data)   RO Data    RW Data    ZI Data      Debug   Library Name

      1136         20          0          0         96       1304   c_w.l
      3120        248          0          0          0       2752   fz_wm.l
      3954        438        448          0          0       2528   m_wm.l

    ----------------------------------------------------------------------
      8238        706        448          0         96       6584   Library Totals

    ----------------------------------------------------------------------

==============================================================================


      Code (inc. data)   RO Data    RW Data    ZI Data      Debug   

    142012       9708       1124       1512      85640    1028926   Grand Totals
    142012       9708       1124        304      85640    1028926   ELF Image Totals (compressed)
    142012       9708       1124        304          0          0   ROM Totals

==============================================================================

    Total RO  Size (Code + RO Data)               143136 ( 139.78kB)
    Total RW  Size (RW Data + ZI Data)             87152 (  85.11kB)
    Total ROM Size (Code + RO Data + RW Data)     143440 ( 140.08kB)

==============================================================================

